C51 COMPILER V9.52.0.0   MENU                                                              10/24/2020 19:28:59 PAGE 1   


C51 COMPILER V9.52.0.0, COMPILATION OF MODULE MENU
OBJECT MODULE PLACED IN .\Objects\menu.obj
COMPILER INVOKED BY: H:\electric\Keil_v5\C51\BIN\C51.EXE menu.c OPTIMIZE(8,SPEED) BROWSE DEBUG OBJECTEXTEND PRINT(.\List
                    -ings\menu.lst) TABS(2) OBJECT(.\Objects\menu.obj)

line level    source

   1          /**
   2           * @file: menu.c
   3           * @author: Honokawings (1915569481@qq.com)
   4           * @description: 菜单结构建立
   5           * @version 0.1
   6           * @date: 2020-10-22 16:10:99
   7           * 
   8           * @copyright Copyright (c) 2020
   9           * 
  10           */
  11          #include "menu.h"
  12          
  13          //从上至下 逆序字符
  14          static u8 code str_menu[][32]=
  15          {
  16          {0x00,0x02,0x02,0xC2,0x02,0x02,0x02,0xFE,0x82,0x82,0x82,0x82,0x82,0x02,0x00,0x00,0x40,0x40,0x40,0x7F,0x40,
             -0x40,0x40,0x7F,
  17           0x40,0x40,0x40,0x40,0x40,0x40,0x40,0x00},/*"正",0*/
  18          {0x02,0xE2,0x22,0x22,0x3E,0x00,0x08,0x88,0x48,0x39,0x0E,0x08,0xC8,0x08,0x08,0x00,0x00,0x43,0x82,0x42,0x3E,
             -0x00,0x21,0x71,
  19           0x29,0x25,0x23,0x21,0x28,0x70,0x00,0x00},/*"弦",1*/
  20          {0x10,0x60,0x02,0x0C,0xC0,0x00,0xF8,0x88,0x88,0x88,0xFF,0x88,0x88,0xA8,0x18,0x00,0x04,0x04,0x7C,0x03,0x80,
             -0x60,0x1F,0x80,
  21           0x43,0x2C,0x10,0x28,0x46,0x81,0x80,0x00},/*"波",2*/
  22          {0x80,0x82,0x82,0xFE,0x82,0x82,0xFE,0x82,0x82,0x80,0x20,0x10,0x08,0x86,0x60,0x00,0x80,0x40,0x30,0x0F,0x00,
             -0x00,0xFF,0x00,
  23           0x00,0x80,0x84,0x42,0x21,0x10,0x0C,0x00},/*"形",3*/
  24          
  25          
  26          {0x00,0x04,0x84,0x84,0x84,0x84,0x84,0x84,0x84,0x84,0x84,0x84,0x84,0x04,0x00,0x00,0x20,0x20,0x20,0x20,0x20,
             -0x20,0x20,0x20,
  27          0x20,0x20,0x20,0x20,0x20,0x20,0x20,0x00},/*"三",0*/
  28          {0x20,0x10,0xE8,0x24,0x27,0x24,0x24,0xE4,0x24,0x34,0x2C,0x20,0xE0,0x00,0x00,0x00,0x80,0x60,0x1F,0x09,0x09,
             -0x09,0x09,0x7F,
  29          0x09,0x09,0x49,0x89,0x7F,0x00,0x00,0x00},/*"角",1*/
  30          {0x10,0x60,0x02,0x0C,0xC0,0x00,0xF8,0x88,0x88,0x88,0xFF,0x88,0x88,0xA8,0x18,0x00,0x04,0x04,0x7C,0x03,0x80,
             -0x60,0x1F,0x80,
  31          0x43,0x2C,0x10,0x28,0x46,0x81,0x80,0x00},/*"波",2*/
  32          {0x80,0x82,0x82,0xFE,0x82,0x82,0xFE,0x82,0x82,0x80,0x20,0x10,0x08,0x86,0x60,0x00,0x80,0x40,0x30,0x0F,0x00,
             -0x00,0xFF,0x00,
  33          0x00,0x80,0x84,0x42,0x21,0x10,0x0C,0x00},/*"形",3*/
  34          
  35          {0x00,0xFE,0x22,0x22,0xFE,0x00,0x40,0x48,0xC8,0x09,0xFA,0xE4,0x40,0x20,0x10,0x00,0x80,0x7F,0x02,0x82,0xFF,
             -0x20,0x10,0x0C,
  36          0x43,0x80,0x7F,0x00,0x07,0x18,0x20,0x00},/*"脉",0*/
  37          {0x00,0x02,0x0C,0xC0,0x00,0xF0,0x10,0x10,0x10,0xFF,0x10,0x10,0x10,0xF0,0x00,0x00,0x02,0x02,0x7F,0x00,0x00,
             -0x0F,0x04,0x04,
  38          0x04,0xFF,0x04,0x04,0x04,0x0F,0x00,0x00},/*"冲",1*/
  39          {0x08,0x08,0x08,0x08,0x08,0xF8,0x89,0x8E,0x88,0x88,0x88,0x88,0x08,0x08,0x08,0x00,0x00,0x80,0x40,0x20,0x18,
             -0x07,0x00,0x00,
  40          0x40,0x80,0x40,0x3F,0x00,0x00,0x00,0x00},/*"方",2*/
  41          {0x10,0x60,0x02,0x0C,0xC0,0x00,0xF8,0x88,0x88,0x88,0xFF,0x88,0x88,0xA8,0x18,0x00,0x04,0x04,0x7C,0x03,0x80,
             -0x60,0x1F,0x80,
  42          0x43,0x2C,0x10,0x28,0x46,0x81,0x80,0x00},/*"波",3*/
C51 COMPILER V9.52.0.0   MENU                                                              10/24/2020 19:28:59 PAGE 2   

  43          
  44          {0x00,0x80,0x60,0xF8,0x07,0x00,0x04,0x24,0x24,0x25,0x26,0x24,0x24,0x24,0x04,0x00,0x01,0x00,0x00,0xFF,0x00,
             -0x00,0x00,0xF9,
  45          0x49,0x49,0x49,0x49,0x49,0xF9,0x00,0x00},/*"信",0*/
  46          {0x80,0x80,0x80,0xBE,0xA2,0xA2,0xA2,0xA2,0xA2,0xA2,0xA2,0xBE,0x80,0x80,0x80,0x00,0x00,0x00,0x00,0x06,0x05,
             -0x04,0x04,0x04,
  47          0x44,0x84,0x44,0x3C,0x00,0x00,0x00,0x00},/*"号",1*/
  48          {0x00,0x00,0x18,0x16,0x10,0xD0,0xB8,0x97,0x90,0x90,0x90,0x92,0x94,0x10,0x00,0x00,0x00,0x20,0x10,0x8C,0x83,
             -0x80,0x41,0x46,
  49          0x28,0x10,0x28,0x44,0x43,0x80,0x80,0x00},/*"发",2*/
  50          {0x80,0x40,0x30,0x1E,0x10,0x10,0x10,0xFF,0x10,0x10,0x10,0x10,0x10,0x10,0x00,0x00,0x40,0x40,0x42,0x42,0x42,
             -0x42,0x42,0x7F,
  51          0x42,0x42,0x42,0x42,0x42,0x40,0x40,0x00},/*"生",3*/
  52          {0x80,0x80,0x9E,0x92,0x92,0x92,0x9E,0xE0,0x80,0x9E,0xB2,0xD2,0x92,0x9E,0x80,0x00,0x08,0x08,0xF4,0x94,0x92,
             -0x92,0xF1,0x00,
  53          0x01,0xF2,0x92,0x94,0x94,0xF8,0x08,0x00},/*"器",4*/
  54          
  55          {0x40,0x40,0x42,0xCC,0x00,0x40,0x40,0x40,0x40,0xFF,0x40,0x40,0x40,0x40,0x40,0x00,0x00,0x00,0x00,0x7F,0x20,
             -0x10,0x00,0x00,
  56          0x00,0xFF,0x00,0x00,0x00,0x00,0x00,0x00},/*"计",0*/
  57          {0x00,0xFC,0x84,0x84,0x84,0xFC,0x00,0x10,0x10,0x10,0x10,0x10,0xFF,0x10,0x10,0x00,0x00,0x3F,0x10,0x10,0x10,
             -0x3F,0x00,0x00,
  58          0x01,0x06,0x40,0x80,0x7F,0x00,0x00,0x00},/*"时",1*/
  59          {0x80,0x80,0x9E,0x92,0x92,0x92,0x9E,0xE0,0x80,0x9E,0xB2,0xD2,0x92,0x9E,0x80,0x00,0x08,0x08,0xF4,0x94,0x92,
             -0x92,0xF1,0x00,
  60          0x01,0xF2,0x92,0x94,0x94,0xF8,0x08,0x00},/*"器",2*/
  61          
  62          {0x44,0x54,0x54,0xD4,0x7F,0x54,0x54,0x44,0x00,0xFE,0x02,0x4A,0x96,0x62,0x00,0x00,0x04,0x02,0x7D,0x04,0x04,
             -0x04,0x04,0xFE,
  63          0x04,0x05,0x24,0x44,0x3C,0x00,0x00,0x00},/*"帮",0*/
  64          {0x00,0xFE,0x22,0x22,0x22,0xFE,0x00,0x00,0x10,0x10,0xFF,0x10,0x10,0xF0,0x00,0x00,0x20,0x3F,0x21,0x21,0x11,
             -0x1F,0x90,0x40,
  65          0x20,0x18,0x47,0x80,0x40,0x3F,0x00,0x00},/*"助",1*/
  66          
  67          {0x08,0x08,0x08,0xF8,0x08,0x08,0x08,0x10,0x10,0xFF,0x10,0x10,0x10,0xF0,0x00,0x00,0x10,0x30,0x10,0x1F,0x08,
             -0x88,0x48,0x30,
  68          0x0E,0x01,0x40,0x80,0x40,0x3F,0x00,0x00},/*"功",0*/
  69          {0x08,0xCC,0x4A,0x49,0x48,0x4A,0xCC,0x18,0x00,0x7F,0x88,0x88,0x84,0x82,0xE0,0x00,0x00,0xFF,0x12,0x12,0x52,
             -0x92,0x7F,0x00,
  70          0x00,0x7E,0x88,0x88,0x84,0x82,0xE0,0x00},/*"能",1*/
  71          {0x04,0x84,0xC4,0xB4,0x8C,0x10,0x54,0x54,0x54,0xFF,0x54,0x54,0x7C,0x10,0x10,0x00,0x80,0x44,0x28,0x18,0x27,
             -0x28,0x49,0x49,
  72          0x49,0x7F,0x49,0x49,0x49,0x48,0x40,0x00},/*"建",2*/
  73          {0x40,0x40,0x42,0xCC,0x00,0x40,0xA0,0x9E,0x82,0x82,0x82,0x9E,0xA0,0x20,0x20,0x00,0x00,0x00,0x00,0x3F,0x90,
             -0x88,0x40,0x43,
  74          0x2C,0x10,0x28,0x46,0x41,0x80,0x80,0x00},/*"设",3*/
  75          {0x00,0x00,0xF0,0x10,0x10,0x10,0x10,0xFF,0x10,0x10,0x10,0x10,0xF0,0x00,0x00,0x00,0x00,0x00,0x0F,0x04,0x04,
             -0x04,0x04,0xFF,
  76          0x04,0x04,0x04,0x04,0x0F,0x00,0x00,0x00}/*"中",4*/
  77          };
  78          
  79          
  80          
  81          static u8 code str_picture[][24]=
  82          {
  83          {0x00,0x00,0x00,0x00,0x00,0x00,0x00,0x00,0x40,0xC0,0xC0,0xC0,0xC0,0xC0,0x40,0x40,0xE0,0xB8,0x3C,0xFE,0xFE,
             -0xF0,0xE0,0xC0},
  84          {0x80,0xC0,0x80,0x80,0x80,0x80,0x00,0x00,0x00,0x00,0x00,0x00,0x00,0x00,0x00,0x00,0x00,0x00,0x00,0x00,0x00,
             -0x00,0x00,0x20},
  85          {0x30,0x10,0x10,0xF0,0xE0,0x00,0xC0,0xF0,0x30,0x30,0xF0,0xC0,0x00,0x00,0x40,0x60,0xF0,0xF0,0x00,0x00,0x00,
             -0x10,0x10,0x10},
  86          {0x10,0xD0,0xF0,0x30,0x00,0x00,0x40,0x60,0xF0,0xF0,0x00,0x00,0x00,0x40,0x60,0xF0,0xF0,0x00,0x00,0x00,0x00,
C51 COMPILER V9.52.0.0   MENU                                                              10/24/2020 19:28:59 PAGE 3   

             -0x20,0x30,0x10},
  87          {0x10,0xF0,0xE0,0x00,0x00,0xC0,0xF0,0x30,0x30,0xF0,0xC0,0x00,0x00,0xE0,0xF0,0x30,0x30,0xF0,0xC0,0x00,0xC0,
             -0xF0,0x30,0x30},
  88          {0xF0,0xC0,0x00,0x00,0x00,0x00,0x00,0x00,0x00,0x00,0x00,0x00,0xE0,0xD0,0xE8,0xF4,0xFC,0xFF,0xFF,0xFF,0x7F,
             -0x9F,0xFE,0xCE},
  89          {0xE6,0xFF,0xEF,0xFF,0xFF,0xFF,0xFF,0xCF,0xFF,0xFF,0xFF,0x7F,0x7F,0xFF,0xFF,0xFF,0xFE,0xFC,0xE4,0xC8,0x90,
             -0xF0,0x00,0x00},
  90          {0x00,0x00,0x00,0x00,0x00,0x00,0x00,0x70,0x78,0x5C,0x4E,0x47,0x41,0x00,0x1F,0x7F,0x60,0x60,0x7F,0x1F,0x00,
             -0x00,0x00,0x00},
  91          {0x7F,0x7F,0x00,0x00,0x00,0x00,0x00,0x78,0x7F,0x07,0x00,0x00,0x00,0x00,0x00,0x00,0x7F,0x7F,0x00,0x00,0x00,
             -0x00,0x00,0x7F},
  92          {0x7F,0x00,0x00,0x00,0x00,0x70,0x78,0x5C,0x4E,0x47,0x41,0x00,0x00,0x1F,0x7F,0x60,0x60,0x7F,0x1F,0x00,0x00,
             -0x63,0x67,0x46},
  93          {0x76,0x3F,0x0F,0x00,0x1F,0x7F,0x60,0x60,0x7F,0x1F,0x00,0x00,0x00,0x00,0x00,0x00,0x00,0x00,0x10,0x1B,0x1F,
             -0x1F,0x1F,0xFF},
  94          {0xFF,0x3F,0x0F,0xFF,0xFF,0xFF,0xFF,0x7F,0x83,0xC3,0x2F,0x21,0xE7,0xFF,0x1F,0x3F,0x7F,0x0F,0x01,0x00,0xE0,
             -0xA1,0xA2,0xE0},
  95          {0xC1,0x83,0x1F,0xFF,0xFF,0xFF,0xFE,0x00,0x00,0x00,0x00,0x00,0x00,0x00,0x00,0x00,0x00,0x00,0x00,0x00,0x00,
             -0x00,0x00,0x00},
  96          {0x00,0x00,0x00,0x00,0x00,0x00,0x00,0x00,0xE0,0xE0,0x80,0x80,0x98,0xF8,0xF0,0xC0,0xC0,0xC0,0xC0,0xC0,0xC0,
             -0x00,0x00,0x00},
  97          {0x00,0x00,0x00,0x00,0x00,0x00,0x00,0x00,0x00,0x00,0x00,0x00,0x80,0x80,0x80,0x80,0x80,0xD8,0xF8,0xF0,0xC0,
             -0xC0,0xC0,0xE0},
  98          {0xE0,0x00,0x00,0x00,0x00,0x00,0x00,0x00,0x00,0x00,0x00,0x00,0x00,0x00,0x00,0x00,0x00,0x00,0x00,0x00,0x00,
             -0x00,0x00,0x00},
  99          {0x00,0x00,0x00,0x00,0x00,0x00,0x00,0x01,0x00,0x40,0x3C,0x0F,0xFF,0xFF,0xFF,0xFF,0xF5,0xC1,0x83,0x03,0x05,
             -0x03,0x00,0x20},
 100          {0x60,0xE0,0x60,0x00,0x01,0x03,0x05,0x83,0xC1,0xE0,0xF3,0xF0,0xF8,0x7F,0x3F,0xF8,0x00,0x00,0x00,0x00,0x00,
             -0x00,0x00,0x00},
 101          {0x00,0x00,0x00,0x00,0x00,0x00,0x00,0x00,0x00,0x00,0x00,0x00,0x00,0x00,0x00,0xC0,0xFF,0x7F,0xFD,0xB5,0xB5,
             -0xFF,0xFF,0xB6},
 102          {0xF6,0xFF,0xFF,0x1E,0x18,0x18,0x18,0x00,0x00,0x00,0x00,0x00,0x00,0x00,0x00,0x00,0x00,0x00,0x00,0x00,0x0D,
             -0xFD,0xF9,0x31},
 103          {0xBF,0x9F,0xD8,0x7E,0xFF,0xDB,0x98,0x1C,0x0C,0x1C,0x18,0x00,0x00,0x00,0x00,0x00,0x00,0x00,0x00,0x00,0x00,
             -0x00,0x00,0x00},
 104          {0x00,0x00,0x00,0x00,0x00,0x00,0x00,0x00,0x00,0x00,0x00,0x00,0x00,0x00,0x00,0x00,0x00,0x00,0x00,0x00,0x01,
             -0x0F,0x1D,0x3B},
 105          {0x7F,0xF3,0xF7,0xF3,0x7F,0x7F,0xFF,0xFE,0xE6,0xEC,0xE4,0xFE,0xFF,0xFF,0x3F,0x79,0xF7,0xE7,0xC3,0x01,0x01,
             -0x00,0x00,0x01},
 106          {0x00,0x00,0x00,0x00,0x00,0x00,0x00,0x00,0x00,0x00,0x00,0x00,0x00,0x00,0x00,0x00,0x00,0x00,0x00,0x00,0x80,
             -0xE0,0xF8,0x3F},
 107          {0x0F,0x06,0xFF,0xFD,0xCD,0xCF,0xCF,0xCD,0xCD,0xFE,0x7E,0x06,0x00,0x00,0x00,0x00,0x00,0x00,0x00,0x00,0x00,
             -0x00,0x00,0x00},
 108          {0x00,0x00,0xC0,0xF0,0x7E,0x1F,0xB7,0xBF,0xDB,0xFD,0x6E,0x77,0x3B,0x1D,0x0F,0x06,0x00,0x00,0x00,0x00,0x00,
             -0x00,0x00,0x00},
 109          {0x00,0x00,0x00,0x00,0x00,0x00,0x00,0x00,0x00,0x00,0x00,0x00,0x00,0x00,0x00,0x00,0x00,0x00,0x00,0x00,0x00,
             -0x00,0x00,0x00},
 110          {0x00,0x00,0x00,0x00,0x00,0x00,0x00,0x00,0x00,0x00,0x80,0xC0,0x70,0x7F,0xFF,0xFF,0xFF,0xFF,0xFF,0xFF,0xFF,
             -0x7F,0xFE,0x3A},
 111          {0xAF,0xC7,0x81,0x00,0x00,0x00,0x00,0xC0,0xC0,0x00,0x00,0x00,0x00,0x00,0x00,0x00,0x00,0x00,0x00,0x00,0x00,
             -0x00,0x00,0x00},
 112          {0x00,0x00,0x00,0x00,0x01,0x01,0x00,0x00,0x00,0x00,0x03,0x03,0x00,0x00,0x00,0x00,0xC0,0xC0,0x00,0x00,0x00,
             -0x00,0x00,0x00},
 113          {0x00,0x00,0x00,0x00,0x00,0x00,0x00,0x00,0x00,0x03,0x03,0x01,0x03,0x03,0x03,0x01,0x01,0xC0,0xC0,0x00,0x00,
             -0x00,0x00,0x00},
 114          {0x00,0x00,0x00,0x00,0x00,0x00,0x00,0x00,0x00,0x00,0x00,0x00,0x00,0x00,0x00,0x00,0x00,0x00,0x00,0x00,0x00,
             -0x00,0x00,0x00},
 115          {0x00,0x00,0x00,0x00,0x00,0x00,0x00,0x00,0x00,0x00,0x00,0x00,0x00,0x00,0x00,0x00,0x00,0x00,0x01,0x01,0x01,
             -0x3B,0xC6,0x03},
 116          {0x06,0xFE,0x02,0xFB,0x06,0x02,0xF7,0x1D,0x01,0x00,0x00,0x00,0x00,0x00,0x00,0xFF,0xFF,0x06,0x02,0xFE,0xFC,
             -0x00,0x00,0x78},
 117          {0xFE,0x86,0x02,0x86,0xFE,0x7C,0x00,0x00,0xFE,0xFE,0x06,0x02,0xFE,0xFC,0x00,0x78,0xFE,0x86,0x02,0x86,0xFE,
C51 COMPILER V9.52.0.0   MENU                                                              10/24/2020 19:28:59 PAGE 4   

             -0x7C,0x00,0x00},
 118          {0xFF,0xFF,0x78,0xFC,0xCE,0x86,0x02,0x00,0xE0,0xF4,0x36,0x92,0xFE,0xFC,0x00,0x06,0x7E,0xF8,0xE0,0x7E,0xFE,
             -0xE0,0xF8,0x7E},
 119          {0x04,0xFE,0xFE,0x00,0x00,0xFE,0xFE,0x06,0x02,0xFE,0xFC,0x00,0x00,0xF8,0xFE,0x86,0x02,0x86,0xFE,0xFE,0x00,
             -0x00,0x1C,0x1E},
 120          {0x32,0xE2,0xE2,0x00,0x00,0x00,0x00,0x00,0x00,0x00,0x00,0x00,0x00,0x00,0x00,0x00,0x00,0x00,0x00,0x00,0x00,
             -0x00,0x00,0x00},
 121          {0x00,0x00,0x00,0x00,0x00,0x00,0x00,0x03,0x0F,0x0F,0x00,0x01,0x0F,0x0F,0x01,0x00,0x00,0x00,0x00,0x00,0x00,
             -0x00,0x00,0x01},
 122          {0x01,0x00,0x00,0x01,0x01,0x00,0x00,0x00,0x01,0x01,0x01,0x01,0x01,0x00,0x00,0x00,0x01,0x01,0x00,0x00,0x01,
             -0x01,0x00,0x00},
 123          {0x01,0x01,0x01,0x01,0x01,0x00,0x00,0x00,0x01,0x01,0x00,0x00,0x01,0x01,0x01,0x00,0x00,0x01,0x01,0x01,0x01,
             -0x01,0x00,0x00},
 124          {0x00,0x01,0x01,0x00,0x00,0x01,0x01,0x00,0x00,0x01,0x01,0x00,0x00,0x01,0x01,0x00,0x00,0x01,0x01,0x00,0x00,
             -0x04,0x0D,0x09},
 125          {0x09,0x0D,0x07,0x03,0x00,0x00,0x01,0x01,0x01,0x01,0x00,0x00,0x00,0x00,0x00,0x00}
 126          };
 127          
 128          //正弦参数 128点 7精度
 129          static u8 code sin_dot[128]=
 130          {0x1F,0x20,0x22,0x23,0x25,0x26,0x27,0x29,0x2A,0x2C,0x2D,0x2E,0x30,0x31,0x32,0x33,
 131          0x34,0x35,0x36,0x37,0x38,0x39,0x3A,0x3B,0x3B,0x3C,0x3C,0x3D,0x3D,0x3D,0x3D,0x3D,
 132          0x3E,0x3D,0x3D,0x3D,0x3D,0x3D,0x3C,0x3C,0x3B,0x3B,0x3A,0x39,0x38,0x37,0x36,0x35,
 133          0x34,0x33,0x32,0x31,0x30,0x2E,0x2D,0x2C,0x2A,0x29,0x27,0x26,0x25,0x23,0x22,0x20,
 134          0x1F,0x1D,0x1B,0x1A,0x18,0x17,0x16,0x14,0x13,0x11,0x10,0x0F,0x0D,0x0C,0x0B,0x0A,
 135          0x09,0x08,0x07,0x06,0x05,0x04,0x03,0x02,0x02,0x01,0x01,0x00,0x00,0x00,0x00,0x00,
 136          0x00,0x00,0x00,0x00,0x00,0x00,0x01,0x01,0x02,0x02,0x03,0x04,0x05,0x06,0x07,0x08,
 137          0x09,0x0A,0x0B,0x0C,0x0D,0x0F,0x10,0x11,0x13,0x14,0x16,0x17,0x18,0x1A,0x1B,0x1D};
 138          
 139          
 140          static u8 code str_video[8][43][24]=
 141          {
 142          {
 143          {0xFF,0xFF,0xFF,0xFF,0xFF,0xFF,0xFF,0xFF,0xFF,0xFF,0xFF,0xFF,0xFF,0xFF,0xFF,0xFF,0xFF,0xFF,0xFF,0xFF,0xFF,
             -0xFF,0xFF,0xFF},
 144          {0xFF,0xFF,0xFF,0xFF,0xFF,0xFF,0xFF,0xFF,0xFF,0xFF,0xFF,0xFF,0xFF,0xFF,0xFF,0xFF,0xFF,0xFF,0xFF,0xFF,0xFF,
             -0xFF,0xFF,0xFF},
 145          {0xFF,0xFF,0xFF,0xFF,0xFF,0xFF,0xFF,0xFF,0xFF,0xFF,0xFF,0xFF,0xFF,0xFF,0xFF,0xFF,0xFF,0xFF,0xFF,0xFF,0xFF,
             -0xFF,0xFF,0xFF},
 146          {0xFF,0xFF,0xFF,0xFF,0xFF,0xFF,0xFF,0xFF,0xFF,0xFF,0xFF,0xFF,0xFF,0xFF,0xFF,0xFF,0xFF,0xFF,0xFF,0xFF,0xFF,
             -0xFF,0xFF,0xFF},
 147          {0xFF,0xFF,0xFF,0xFF,0xFF,0xFF,0xFF,0xFF,0xFF,0xFF,0xFF,0xFF,0xFF,0xFF,0xFF,0xFF,0xFF,0xFF,0xFF,0xFF,0xFF,
             -0xFF,0xFF,0xFF},
 148          {0xFF,0xFF,0xFF,0xFF,0xFF,0xFF,0xFF,0xFF,0xFF,0xFF,0xFF,0xFF,0xFF,0xFF,0xFF,0xFF,0xFF,0xFF,0xFF,0xFF,0xFF,
             -0xFF,0xFF,0xFF},
 149          {0xFF,0xFF,0xFF,0xFF,0xFF,0xFF,0xFF,0xFF,0xFF,0xFF,0xFF,0xFF,0xFF,0xFF,0xFF,0xFF,0xFF,0xFF,0xFF,0xFF,0xFF,
             -0xFF,0xFF,0xFF},
 150          {0xFF,0xFF,0xFF,0xFF,0xFF,0xFF,0xFF,0xFF,0xFF,0xFF,0xFF,0xFF,0xFF,0xFF,0xFF,0xFF,0xFF,0xFF,0xFF,0xFF,0xFF,
             -0xFF,0xFF,0xFF},
 151          {0xFF,0xFF,0xFF,0xFF,0xFF,0xFF,0xFF,0xFF,0xFF,0xFF,0xFF,0xFF,0xFF,0xFF,0xFF,0xFF,0xFF,0xFF,0xFF,0xFF,0xFF,
             -0xFF,0xFF,0xFF},
 152          {0xFF,0xFF,0xFF,0xFF,0xFF,0xFF,0xFF,0xFF,0xFF,0xFF,0xFF,0xFF,0xFF,0xFF,0xFF,0xFF,0xFF,0xFF,0xFF,0xFF,0xFF,
             -0xFF,0xFF,0xFF},
 153          {0xFF,0xFF,0xFF,0xFF,0xFF,0xFF,0xFF,0xFF,0xFF,0xFF,0xFF,0xFF,0xFF,0xFF,0xFF,0xFF,0xFF,0xFF,0xFF,0xFF,0xFF,
             -0xFF,0xFF,0xFF},
 154          {0xFF,0xFF,0xFF,0xFF,0xFF,0xFF,0xFF,0xFF,0xFF,0xFF,0xFF,0xFF,0xFF,0xFF,0xFF,0xFF,0xFF,0xFF,0xFF,0xFF,0xFF,
             -0xFF,0xFF,0xFF},
 155          {0xFF,0xFF,0xFF,0xFF,0xFF,0xFF,0xFF,0xFF,0xFF,0xFF,0xFF,0xFF,0xFF,0xFF,0xFF,0xFF,0xFF,0xFF,0xFF,0xFF,0xFF,
             -0xFF,0xFF,0xFF},
 156          {0xFF,0xFF,0xFF,0xFF,0xFF,0xFF,0xFF,0xFF,0xFF,0xFF,0xFF,0xFF,0xFF,0xFF,0xFF,0xFF,0xFF,0xFF,0xFF,0xFF,0xFF,
             -0xFF,0xFF,0xFF},
 157          {0xFF,0xFF,0xFF,0xFF,0xFF,0xFF,0xFF,0xFF,0xFF,0xFF,0xFF,0xFF,0xFF,0xFF,0xFF,0xFF,0xFF,0xFF,0xFF,0xFF,0xFF,
C51 COMPILER V9.52.0.0   MENU                                                              10/24/2020 19:28:59 PAGE 5   

             -0xFF,0xFF,0xFF},
 158          {0xFF,0xFF,0xFF,0xFF,0xFF,0xFF,0xFF,0xFF,0xFF,0xFF,0xFF,0xFF,0xFF,0xFF,0xFF,0xFF,0xFF,0xFF,0xFF,0xFF,0xFF,
             -0xFF,0xFF,0xFF},
 159          {0xFF,0xFF,0xFF,0xFF,0xFF,0xFF,0xFF,0xFF,0xFF,0xFF,0xFF,0xFF,0xFF,0xFF,0xFF,0xFF,0xFF,0xFF,0xFF,0xFF,0xFF,
             -0xFF,0xFF,0xFF},
 160          {0xFF,0xFF,0xFF,0xFF,0xFF,0xFF,0xFF,0xFF,0xFF,0xFF,0xFF,0xFF,0xFF,0xFF,0xFF,0xFF,0xFF,0xFF,0xFF,0xFF,0xFF,
             -0xFF,0xFF,0xFF},
 161          {0xFF,0xFF,0xFF,0xFF,0xFF,0xFF,0xFF,0xFF,0xFF,0xFF,0xFF,0xFF,0xFF,0xFF,0xFF,0xFF,0xFF,0xFF,0xFF,0xFF,0xFF,
             -0xFF,0xFF,0xFF},
 162          {0xFF,0xFF,0xFF,0xFF,0xFF,0xFF,0xFF,0xFF,0xFF,0xFF,0xFF,0xFF,0xFF,0xFF,0xFF,0xFF,0xFF,0xFF,0xFF,0xFF,0xFF,
             -0xFF,0xFF,0xFF},
 163          {0xFF,0xFF,0xFF,0xFF,0xFF,0xFF,0xFF,0xFF,0xFF,0xFF,0xFF,0xFF,0xFF,0xFF,0xFF,0xFF,0xFF,0xFF,0xFF,0xFF,0xFF,
             -0xFF,0xFF,0xFF},
 164          {0xFF,0xFF,0xFF,0xFF,0xFF,0xFF,0xFF,0xFF,0xFF,0xFF,0xFF,0xFF,0xFF,0xFF,0xFF,0xFF,0xFF,0xFF,0xFF,0xFF,0xFF,
             -0xFF,0xFF,0xFF},
 165          {0xFF,0xFF,0xFF,0xFF,0xFF,0xFF,0xFF,0xFF,0xFF,0xFF,0xFF,0xFF,0xFF,0xFF,0xFF,0xFF,0xFF,0xFF,0xFF,0xFF,0xFF,
             -0xFF,0xFF,0xFF},
 166          {0xFF,0xFF,0xFF,0xFF,0xFF,0xFF,0xFF,0xFF,0xFF,0xFF,0xFF,0xFF,0xFF,0xFF,0xFF,0xFF,0xFF,0xFF,0xFF,0xFF,0xFF,
             -0xFF,0xFF,0xFF},
 167          {0xFF,0xFF,0xFF,0xFF,0xFF,0xFF,0xFF,0xFF,0xFF,0xFF,0xFF,0xFF,0xFF,0xFF,0xFF,0xFF,0xFF,0xFF,0xFF,0xFF,0xFF,
             -0xFF,0xFF,0xFF},
 168          {0xFF,0xFF,0xFF,0xFF,0xFF,0xFF,0xFF,0xFF,0xFF,0xFF,0xFF,0xFF,0xFF,0xFF,0xFF,0xFF,0xFF,0xFF,0xFF,0xFF,0xFF,
             -0xFF,0xFF,0xFF},
 169          {0xFF,0xFF,0xFF,0xFF,0xFF,0xFF,0xFF,0xFF,0xFF,0xFF,0xFF,0xFF,0xFF,0xFF,0xFF,0xFF,0xFF,0xFF,0xFF,0xFF,0xFF,
             -0xFF,0xFF,0xFF},
 170          {0xFF,0xFF,0xFF,0xFF,0xFF,0xFF,0xFF,0xFF,0xFF,0xFF,0xFF,0xFF,0xFF,0xFF,0xFF,0xFF,0xFF,0xFF,0xFF,0xFF,0xFF,
             -0xFF,0xFF,0xFF},
 171          {0xFF,0xFF,0xFF,0xFF,0xFF,0xFF,0xFF,0xFF,0xFF,0xFF,0xFF,0xFF,0xFF,0xFF,0xFF,0xFF,0xFF,0xFF,0xFF,0xFF,0xFF,
             -0xFF,0xFF,0xFF},
 172          {0xFF,0xFF,0xFF,0xFF,0xFF,0xFF,0xFF,0xFF,0xFF,0xFF,0xFF,0xFF,0xFF,0xFF,0xFF,0xFF,0xFF,0xFF,0xFF,0xFF,0xFF,
             -0xFF,0xFF,0xFF},
 173          {0xFF,0xFF,0xFF,0xFF,0xFF,0xFF,0xFF,0xFF,0xFF,0xFF,0xFF,0xFF,0xFF,0xFF,0xFF,0xFF,0xFF,0xFF,0xFF,0xFF,0xFF,
             -0xFF,0xFF,0xFF},
 174          {0xFF,0xFF,0xFF,0xFF,0xFF,0xFF,0xFF,0xFF,0xFF,0xFF,0xFF,0xFF,0xFF,0xFF,0xFF,0xFF,0xFF,0xFF,0xFF,0xFF,0xFF,
             -0xFF,0xFF,0xFF},
 175          {0xFF,0xFF,0xFF,0xFF,0xFF,0xFF,0xFF,0xFF,0xFF,0xFF,0xFF,0xFF,0xFF,0xFF,0xFF,0xFF,0xFF,0xFF,0xFF,0xFF,0xFF,
             -0xFF,0xFF,0xFF},
 176          {0xFF,0xFF,0xFF,0xFF,0xFF,0xFF,0xFF,0xFF,0xFF,0xFF,0xFF,0xFF,0xFF,0xFF,0xFF,0xFF,0xFF,0xFF,0xFF,0xFF,0xFF,
             -0xFF,0xFF,0xFF},
 177          {0xFF,0xFF,0xFF,0xFF,0xFF,0xFF,0xFF,0xFF,0xFF,0xFF,0xFF,0xFF,0xFF,0xFF,0xFF,0xFF,0xFF,0xFF,0xFF,0xFF,0xFF,
             -0xFF,0xFF,0xFF},
 178          {0xFF,0xFF,0xFF,0xFF,0xFF,0xFF,0xFF,0xFF,0xFF,0xFF,0xFF,0xFF,0xFF,0xFF,0xFF,0xFF,0xFF,0xFF,0xFF,0xFF,0xFF,
             -0xFF,0xFF,0xFF},
 179          {0xFF,0xFF,0xFF,0xFF,0xFF,0xFF,0xFF,0xFF,0xFF,0xFF,0xFF,0xFF,0xFF,0xFF,0xFF,0xFF,0xFF,0xFF,0xFF,0xFF,0xFF,
             -0xFF,0xFF,0xFF},
 180          {0xFF,0xFF,0xFF,0xFF,0xFF,0xFF,0xFF,0xFF,0xFF,0xFF,0xFF,0xFF,0xFF,0xFF,0xFF,0xFF,0xFF,0xFF,0xFF,0xFF,0xFF,
             -0xFF,0xFF,0xFF},
 181          {0xFF,0xFF,0xFF,0xFF,0xFF,0xFF,0xFF,0xFF,0xFF,0xFF,0xFF,0xFF,0xFF,0xFF,0xFF,0xFF,0xFF,0xFF,0xFF,0xFF,0xFF,
             -0xFF,0xFF,0xFF},
 182          {0xFF,0xFF,0xFF,0xFF,0xFF,0xFF,0xFF,0xFF,0xFF,0xFF,0xFF,0xFF,0xFF,0xFF,0xFF,0xFF,0xFF,0xFF,0xFF,0xFF,0xFF,
             -0xFF,0xFF,0xFF},
 183          {0xFF,0xFF,0xFF,0xFF,0xFF,0xFF,0xFF,0xFF,0xFF,0xFF,0xFF,0xFF,0xFF,0xFF,0xFF,0xFF,0xFF,0xFF,0xFF,0xFF,0xFF,
             -0xFF,0xFF,0xFF},
 184          {0xFF,0xFF,0xFF,0xFF,0xFF,0xFF,0xFF,0xFF,0xFF,0xFF,0xFF,0xFF,0xFF,0xFF,0xFF,0xFF,0xFF,0xFF,0xFF,0xFF,0xFF,
             -0xFF,0xFF,0xFF},
 185          {0xFF,0xFF,0xFF,0xFF,0xFF,0xFF,0xFF,0xFF,0xFF,0xFF,0xFF,0xFF,0xFF,0xFF,0xFF,0xFF},/*"E:\Pictures\12864\序
             -列2\序列 0100.bmp",0*/
 186          },
 187          
 188          {
 189          {0xFF,0xFF,0xFF,0xFF,0xFF,0xFF,0xFF,0xFF,0xFF,0xFF,0xFF,0xFF,0xFF,0xFF,0xFF,0xFF,0xFF,0xFF,0xFF,0xFF,0xFF,
             -0xFF,0xFF,0xFF},
C51 COMPILER V9.52.0.0   MENU                                                              10/24/2020 19:28:59 PAGE 6   

 190          {0xFF,0xFF,0xFF,0xFF,0xFF,0xFF,0xFF,0xFF,0xFF,0xFF,0xFF,0xFF,0xFF,0xFF,0xFF,0xFF,0xFF,0xFF,0xFF,0xFF,0xFF,
             -0xFF,0xFF,0xFF},
 191          {0xFF,0xFF,0xFF,0xFF,0xFF,0xFF,0xFF,0xFF,0xFF,0xFF,0xFF,0xFF,0xFF,0xFF,0xFF,0xFF,0xFF,0xFF,0xFF,0xFF,0xFF,
             -0xFF,0xFF,0xFF},
 192          {0xFF,0xFF,0xFF,0xFF,0xFF,0xFF,0xFF,0xFF,0xFF,0xFF,0xFF,0xFF,0xFF,0xFF,0xFF,0xFF,0xFF,0xFF,0xFF,0xFF,0xFF,
             -0xFF,0xFF,0xFF},
 193          {0xFF,0xFF,0xFF,0xFF,0xFF,0xFF,0xFF,0xFF,0xFF,0xFF,0xFF,0xFF,0xFF,0xFF,0xFF,0xFF,0xFF,0xFF,0xFF,0xFF,0xFF,
             -0xFF,0xFF,0xFF},
 194          {0xFF,0xFF,0xFF,0xFF,0xFF,0xFF,0xFF,0xFF,0xFF,0xFF,0xFF,0xFF,0xFF,0xFF,0xFF,0xFF,0xFF,0xFF,0xFF,0xFF,0xFF,
             -0xFF,0xFF,0xFF},
 195          {0xFF,0xFF,0xFF,0xFF,0xFF,0xFF,0xFF,0xFF,0xFF,0xFF,0xFF,0xFF,0xFF,0xFF,0xFF,0xFF,0xFF,0xFF,0xFF,0xFF,0xFF,
             -0xFF,0xFF,0xFF},
 196          {0xFF,0xFF,0xFF,0xFF,0xFF,0xFF,0xFF,0xFF,0xFF,0xFF,0xFF,0xFF,0xFF,0xFF,0xFF,0xFF,0xFF,0xFF,0xFF,0xFF,0xFF,
             -0xFF,0xFF,0xFF},
 197          {0xFF,0xFF,0xFF,0xFF,0xFF,0xFF,0xFF,0xFF,0xFF,0xFF,0xFF,0xFF,0xFF,0xFF,0xFF,0xFF,0xFF,0xFF,0xFF,0xFF,0xFF,
             -0xFF,0xFF,0xFF},
 198          {0xFF,0xFF,0xFF,0xFF,0xFF,0xFF,0xFF,0xFF,0xFF,0xFF,0xFF,0xFF,0xFF,0xFF,0xFF,0xFF,0xFF,0xFF,0xFF,0xFF,0xFF,
             -0xFF,0xFF,0xFF},
 199          {0xFF,0xFF,0xFF,0xFF,0xFF,0xFF,0xFF,0xFF,0xFF,0xFF,0xFF,0xFF,0xFF,0xFF,0xFF,0xFF,0xFF,0xFF,0xFF,0xFF,0xFF,
             -0xFF,0xFF,0xFF},
 200          {0xFF,0xFF,0xFF,0xFF,0xFF,0x7F,0x7F,0x7F,0x7F,0x7F,0x7F,0xFF,0xFF,0xFF,0xFF,0xFF,0xFF,0xFF,0xFF,0xFF,0xFF,
             -0xFF,0xFF,0xFF},
 201          {0xFF,0xFF,0xFF,0xFF,0xFF,0xFF,0xFF,0xFF,0xFF,0xFF,0xFF,0xFF,0xFF,0xFF,0xFF,0xFF,0xFF,0xFF,0xFF,0xFF,0xFF,
             -0xFF,0xFF,0xFF},
 202          {0xFF,0xFF,0xFF,0xFF,0xFF,0xFF,0xFF,0xFF,0xFF,0xFF,0xFF,0xFF,0xFF,0xFF,0xFF,0xFF,0xFF,0xFF,0xFF,0xFF,0xFF,
             -0xFF,0xFF,0xFF},
 203          {0xFF,0xFF,0xFF,0xFF,0xFF,0xFF,0xFF,0xFF,0xFF,0xFF,0xFF,0xFF,0xFF,0xFF,0xFF,0xFF,0xFF,0xFF,0xFF,0xFF,0xFF,
             -0xFF,0xFF,0xFF},
 204          {0xFF,0xFF,0xFF,0xFF,0xFF,0xFF,0xFF,0xFF,0xFF,0xFF,0xFF,0xFF,0xFF,0xFF,0xFF,0xFF,0xFF,0xFF,0xFF,0xFF,0xFF,
             -0xFF,0xFF,0xFF},
 205          {0xFF,0xFF,0xFF,0xFF,0xFF,0xFF,0xFF,0xFF,0xFF,0xFF,0xFF,0x7F,0x0F,0x00,0x00,0x80,0xF0,0xFC,0xFF,0xFF,0xFF,
             -0xFF,0xFF,0xFF},
 206          {0xFF,0xFF,0xFF,0xFF,0xFF,0xFF,0xFF,0xFF,0xFF,0xFF,0xFF,0xFF,0xFF,0xFF,0xFF,0xFF,0xFF,0xFF,0xFF,0xFF,0xFF,
             -0xFF,0xFF,0xFF},
 207          {0xFF,0xFF,0xFF,0xFF,0xFF,0xFF,0xFF,0xFF,0xFF,0xFF,0xFF,0xFF,0xFF,0xFF,0xFF,0xFF,0xFF,0xFF,0xFF,0xFF,0xFF,
             -0xFF,0xFF,0xFF},
 208          {0xFF,0xFF,0xFF,0xFF,0xFF,0xFF,0xFF,0xFF,0xFF,0xFF,0xFF,0xFF,0xFF,0xFF,0xFF,0xFF,0xFF,0xFF,0xFF,0xFF,0xFF,
             -0xFF,0xFF,0xFF},
 209          {0xFF,0xFF,0xFF,0xFF,0xFF,0xFF,0xFF,0xFF,0xFF,0xFF,0xFF,0xFF,0xFF,0xFF,0xFF,0xFF,0xFF,0xFF,0xFF,0xFF,0xFF,
             -0xFF,0xFF,0xFF},
 210          {0xFF,0xFF,0xFF,0xFF,0xFF,0xFF,0xFF,0xFF,0xFF,0xFF,0xFF,0xFF,0xFF,0xFF,0xFF,0xFF,0xFF,0xCF,0xC3,0xC0,0xC0,
             -0xC0,0xCC,0xDF},
 211          {0xDF,0xDF,0xDF,0xCF,0xCF,0xC7,0xE3,0xF9,0xFF,0xFF,0xFF,0xFF,0xFF,0xFF,0xFF,0xFF,0xFF,0xFF,0xFF,0xFF,0xFF,
             -0xFF,0xFF,0xFF},
 212          {0xFF,0xFF,0xFF,0xFF,0xFF,0xFF,0xFF,0xFF,0xFF,0xFF,0xFF,0xFF,0xFF,0xFF,0xFF,0xFF,0xFF,0xFF,0xFF,0xFF,0xFF,
             -0xFF,0xFF,0xFF},
 213          {0xFF,0xFF,0xFF,0xFF,0xFF,0xFF,0xFF,0xFF,0xFF,0xFF,0xFF,0xFF,0xFF,0xFF,0xFF,0xFF,0xFF,0xFF,0xFF,0xFF,0xFF,
             -0xFF,0xFF,0xFF},
 214          {0xFF,0xFF,0xFF,0xFF,0xFF,0xFF,0xFF,0xFF,0xFF,0xFF,0xFF,0xFF,0xFF,0xFF,0xFF,0xFF,0xFF,0xFF,0xFF,0xFF,0xFF,
             -0xFF,0xFF,0xFF},
 215          {0xFF,0xFF,0xFF,0xFF,0xFF,0xFF,0xFF,0xFF,0xFF,0xFF,0xFF,0xFF,0xFF,0xFF,0xFF,0xFF,0xFF,0xFF,0xFF,0xFF,0xFF,
             -0xFF,0xFF,0xFF},
 216          {0xFF,0xFF,0xFF,0xFF,0xFF,0xFF,0xFF,0xFF,0xFF,0xFF,0xFF,0xFF,0xFF,0xFF,0xFF,0xFF,0xFF,0xFF,0xFF,0xFF,0xFF,
             -0xFF,0xFF,0xFF},
 217          {0xFF,0xFF,0xFF,0xFF,0xFF,0xFF,0xFF,0xFF,0xFF,0xFF,0xFF,0xFF,0xFF,0xFF,0xFF,0xFF,0xFF,0xFF,0xFF,0xFF,0xFF,
             -0xFF,0xFF,0xFF},
 218          {0xFF,0xFF,0xFF,0xFF,0xFF,0xFF,0xFF,0xFF,0xFF,0xFF,0xFF,0xFF,0xFF,0xFF,0xFF,0xFF,0xFF,0xFF,0xFF,0xFF,0xFF,
             -0xFF,0xFF,0xFF},
 219          {0xFF,0xFF,0xFF,0xFF,0xFF,0xFF,0xFF,0xFF,0xFF,0xFF,0xFF,0xFF,0xFF,0xFF,0xFF,0xFF,0xFF,0xFF,0xFF,0xFF,0xFF,
             -0xFF,0xFF,0xFF},
 220          {0xFF,0xFF,0xFF,0xFF,0xFF,0xFF,0xFF,0xFF,0xFF,0xFF,0xFF,0xFF,0xFF,0xFF,0xFF,0xFF,0xFF,0xFF,0xFF,0xFF,0xFF,
             -0xFF,0xFF,0xFF},
C51 COMPILER V9.52.0.0   MENU                                                              10/24/2020 19:28:59 PAGE 7   

 221          {0xFF,0xFF,0xFF,0xFF,0xFF,0xFF,0xFF,0xFF,0xFF,0xFF,0xFF,0xFF,0xFF,0xFF,0xFF,0xFF,0xFF,0xFF,0xFF,0xFF,0xFF,
             -0xFF,0xFF,0xFF},
 222          {0xFF,0xFF,0xFF,0xFF,0xFF,0xFF,0xFF,0xFF,0xFF,0xFF,0xFF,0xFF,0xFF,0xFF,0xFF,0xFF,0xFF,0xFF,0xFF,0xFF,0xFF,
             -0xFF,0xFF,0xFF},
 223          {0xFF,0xFF,0xFF,0xFF,0xFF,0xFF,0xFF,0xFF,0xFF,0xFF,0xFF,0xFF,0xFF,0xFF,0xFF,0xFF,0xFF,0xFF,0xFF,0xFF,0xFF,
             -0xFF,0xFF,0xFF},
 224          {0xFF,0xFF,0xFF,0xFF,0xFF,0xFF,0xFF,0xFF,0xFF,0xFF,0xFF,0xFF,0xFF,0xFF,0xFF,0xFF,0xFF,0xFF,0xFF,0xFF,0xFF,
             -0xFF,0xFF,0xFF},
 225          {0xFF,0xFF,0xFF,0xFF,0xFF,0xFF,0xFF,0xFF,0xFF,0xFF,0xFF,0xFF,0xFF,0xFF,0xFF,0xFF,0xFF,0xFF,0xFF,0xFF,0xFF,
             -0xFF,0xFF,0xFF},
 226          {0xFF,0xFF,0xFF,0xFF,0xFF,0xFF,0xFF,0xFF,0xFF,0xFF,0xFF,0xFF,0xFF,0xFF,0xFF,0xFF,0xFF,0xFF,0xFF,0xFF,0xFF,
             -0xFF,0xFF,0xFF},
 227          {0xFF,0xFF,0xFF,0xFF,0xFF,0xFF,0xFF,0xFF,0xFF,0xFF,0xFF,0xFF,0xFF,0xFF,0xFF,0xFF,0xFF,0xFF,0xFF,0xFF,0xFF,
             -0xFF,0xFF,0xFF},
 228          {0xFF,0xFF,0xFF,0xFF,0xFF,0xFF,0xFF,0xFF,0xFF,0xFF,0xFF,0xFF,0xFF,0xFF,0xFF,0xFF,0xFF,0xFF,0xFF,0xFF,0xFF,
             -0xFF,0xFF,0xFF},
 229          {0xFF,0xFF,0xFF,0xFF,0xFF,0xFF,0xFF,0xFF,0xFF,0xFF,0xFF,0xFF,0xFF,0xFF,0xFF,0xFF,0xFF,0xFF,0xFF,0xFF,0xFF,
             -0xFF,0xFF,0xFF},
 230          {0xFF,0xFF,0xFF,0xFF,0xFF,0xFF,0xFF,0xFF,0xFF,0xFF,0xFF,0xFF,0xFF,0xFF,0xFF,0xFF,0xFF,0xFF,0xFF,0xFF,0xFF,
             -0xFF,0xFF,0xFF},
 231          {0xFF,0xFF,0xFF,0xFF,0xFF,0xFF,0xFF,0xFF,0xFF,0xFF,0xFF,0xFF,0xFF,0xFF,0xFF,0xFF},/*"E:\Pictures\12864\序
             -列2\序列 0105.bmp",0*/    
 232          },
 233          
 234          {
 235          {0xFF,0xFF,0xFF,0xFF,0xFF,0xFF,0xFF,0xFF,0xFF,0xFF,0xFF,0xFF,0xFF,0xFF,0xFF,0xFF,0xFF,0xFF,0xFF,0xFF,0xFF,
             -0xFF,0xFF,0xFF},
 236          {0xFF,0xFF,0xFF,0xFF,0xFF,0xFF,0xFF,0xFF,0xFF,0xFF,0xFF,0xFF,0xFF,0xFF,0xFF,0xFF,0xFF,0xFF,0xFF,0xFF,0xFF,
             -0xFF,0xFF,0xFF},
 237          {0xFF,0xFF,0xFF,0xFF,0xFF,0xFF,0xFF,0xFF,0xFF,0xFF,0xFF,0xFF,0xFF,0xFF,0xFF,0xFF,0xFF,0xFF,0xFF,0xFF,0xFF,
             -0xFF,0xFF,0xFF},
 238          {0xFF,0xFF,0xFF,0xFF,0xFF,0xFF,0xFF,0xFF,0xFF,0xFF,0xFF,0xFF,0xFF,0xFF,0xFF,0xFF,0xFF,0xFF,0xFF,0xFF,0xFF,
             -0xFF,0xFF,0xFF},
 239          {0xFF,0xFF,0xFF,0xFF,0xFF,0xFF,0xFF,0xFF,0xFF,0xFF,0xFF,0xFF,0xFF,0xFF,0xFF,0xFF,0xFF,0xFF,0xFF,0xFF,0xFF,
             -0xFF,0xFF,0xFF},
 240          {0xFF,0xFF,0xFF,0xFF,0xFF,0xFF,0xFF,0xFF,0xFF,0xFF,0xFF,0xFF,0xFF,0xFF,0xFF,0xFF,0xFF,0xFF,0xFF,0xFF,0xFF,
             -0xFF,0xFF,0xFF},
 241          {0xFF,0xFF,0xFF,0xFF,0xFF,0xFF,0xFF,0xFF,0xFF,0xFF,0xFF,0xFF,0xFF,0xFF,0xFF,0xFF,0xFF,0xFF,0xFF,0xFF,0xFF,
             -0xFF,0xFF,0xFF},
 242          {0xFF,0xFF,0xFF,0xFF,0xFF,0xFF,0xFF,0xFF,0xFF,0xFF,0xFF,0xFF,0xFF,0xFF,0xFF,0xFF,0xFF,0xFF,0xFF,0xFF,0xFF,
             -0xFF,0xFF,0xFF},
 243          {0xFF,0xFF,0xFF,0xFF,0xFF,0xFF,0xFF,0xFF,0xFF,0xFF,0xFF,0xFF,0xFF,0xFF,0xFF,0xFF,0xFF,0xFF,0xFF,0xFF,0xFF,
             -0xFF,0xFF,0xFF},
 244          {0xFF,0xFF,0xFF,0xFF,0xFF,0xFF,0xFF,0xFF,0xFF,0xFF,0xFF,0xFF,0xFF,0xFF,0xFF,0xFF,0xFF,0xFF,0xFF,0xFF,0xFF,
             -0xFF,0xFF,0xFF},
 245          {0xFF,0xFF,0xFF,0xFF,0xFF,0xFF,0xFF,0xFF,0xFF,0xFF,0xFF,0xFF,0xFF,0xFF,0xFF,0xFF,0xFF,0xFF,0xFF,0xFF,0xFF,
             -0xFF,0xFF,0xFF},
 246          {0xFF,0xFF,0xFF,0xFF,0x7F,0x7F,0x7F,0x7F,0x7F,0x7F,0x7F,0xFF,0xFF,0x7F,0x7F,0x7F,0x7F,0x7F,0x7F,0x7F,0xFF,
             -0xFF,0xFF,0xFF},
 247          {0xFF,0xFF,0xFF,0xFF,0xFF,0xFF,0xFF,0xFF,0xFF,0xFF,0xFF,0xFF,0xFF,0xFF,0xFF,0xFF,0xFF,0xFF,0xFF,0xFF,0xFF,
             -0xFF,0xFF,0xFF},
 248          {0xFF,0xFF,0xFF,0xFF,0xFF,0xFF,0xFF,0xFF,0xFF,0xFF,0xFF,0xFF,0xFF,0xFF,0xFF,0xFF,0xFF,0xFF,0xFF,0xFF,0xFF,
             -0xFF,0xFF,0xFF},
 249          {0xFF,0xFF,0xFF,0xFF,0xFF,0xFF,0xFF,0xFF,0xFF,0xFF,0xFF,0xFF,0xFF,0xFF,0xFF,0xFF,0xFF,0xFF,0xFF,0xFF,0xFF,
             -0xFF,0xFF,0xFF},
 250          {0xFF,0xFF,0xFF,0xFF,0xFF,0xFF,0xFF,0xFF,0xFF,0xFF,0xFF,0xFF,0xFF,0xFF,0xFF,0xFF,0xFF,0xFF,0xFF,0xFF,0xFF,
             -0xFF,0xFF,0xFF},
 251          {0xFF,0xFF,0xFF,0xFF,0xFF,0xFF,0xFF,0xFF,0xFF,0xFF,0xFF,0x3F,0x07,0x00,0x00,0x00,0xC0,0xF8,0xFE,0x3F,0x07,
             -0x00,0x00,0x00},
 252          {0xC0,0xF8,0xFE,0xFF,0xFF,0xFF,0xFF,0xFF,0xFF,0xFF,0xFF,0xFF,0xFF,0xFF,0xFF,0xFF,0xFF,0xFF,0xFF,0xFF,0xFF,
             -0xFF,0xFF,0xFF},
 253          {0xFF,0xFF,0xFF,0xFF,0xFF,0xFF,0xFF,0xFF,0xFF,0xFF,0xFF,0xFF,0xFF,0xFF,0xFF,0xFF,0xFF,0xFF,0xFF,0xFF,0xFF,
C51 COMPILER V9.52.0.0   MENU                                                              10/24/2020 19:28:59 PAGE 8   

             -0xFF,0xFF,0xFF},
 254          {0xFF,0xFF,0xFF,0xFF,0xFF,0xFF,0xFF,0xFF,0xFF,0xFF,0xFF,0xFF,0xFF,0xFF,0xFF,0xFF,0xFF,0xFF,0xFF,0xFF,0xFF,
             -0xFF,0xFF,0xFF},
 255          {0xFF,0xFF,0xFF,0xFF,0xFF,0xFF,0xFF,0xFF,0xFF,0xFF,0xFF,0xFF,0xFF,0xFF,0xFF,0xFF,0xFF,0xFF,0xFF,0xFF,0xFF,
             -0xFF,0xFF,0xFF},
 256          {0xFF,0xFF,0xFF,0xFF,0xFF,0xFF,0xFF,0xFF,0xFF,0xFF,0xFF,0xFF,0xFF,0xFF,0xFF,0xFF,0xDF,0xCF,0xC1,0xC0,0xC0,
             -0xC0,0xC0,0xCF},
 257          {0xCF,0xCF,0xC1,0xC0,0xC0,0xC0,0xC0,0xC0,0xCF,0xCF,0xCF,0xCF,0xC7,0xC7,0xC3,0xF1,0xFC,0xFF,0xFF,0xFF,0xFF,
             -0xFF,0xFF,0xFF},
 258          {0xFF,0xFF,0xFF,0xFF,0xFF,0xFF,0xFF,0xFF,0xFF,0xFF,0xFF,0xFF,0xFF,0xFF,0xFF,0xFF,0xFF,0xFF,0xFF,0xFF,0xFF,
             -0xFF,0xFF,0xFF},
 259          {0xFF,0xFF,0xFF,0xFF,0xFF,0xFF,0xFF,0xFF,0xFF,0xFF,0xFF,0xFF,0xFF,0xFF,0xFF,0xFF,0xFF,0xFF,0xFF,0xFF,0xFF,
             -0xFF,0xFF,0xFF},
 260          {0xFF,0xFF,0xFF,0xFF,0xFF,0xFF,0xFF,0xFF,0xFF,0xFF,0xFF,0xFF,0xFF,0xFF,0xFF,0xFF,0xFF,0xFF,0xFF,0xFF,0xFF,
             -0xFF,0xFF,0xFF},
 261          {0xFF,0xFF,0xFF,0xFF,0xFF,0xFF,0xFF,0xFF,0xFF,0xFF,0xFF,0xFF,0xFF,0xFF,0xFF,0xFF,0xFF,0xFF,0xFF,0xFF,0xFF,
             -0xFF,0xFF,0xFF},
 262          {0xFF,0xFF,0xFF,0xFF,0xFF,0xFF,0xFF,0xFF,0xFF,0xFF,0xFF,0xFF,0xFF,0xFF,0xFF,0xFF,0xFF,0xFF,0xFF,0xFF,0xFF,
             -0xFF,0xFF,0xFF},
 263          {0xFF,0xFF,0xFF,0xFF,0xFF,0xFF,0xFF,0xFF,0xFF,0xFF,0xFF,0xFF,0xFF,0xFF,0xFF,0xFF,0xFF,0xFF,0xFF,0xFF,0xFF,
             -0xFF,0xFF,0xFF},
 264          {0xFF,0xFF,0xFF,0xFF,0xFF,0xFF,0xFF,0xFF,0xFF,0xFF,0xFF,0xFF,0xFF,0xFF,0xFF,0xFF,0xFF,0xFF,0xFF,0xFF,0xFF,
             -0xFF,0xFF,0xFF},
 265          {0xFF,0xFF,0xFF,0xFF,0xFF,0xFF,0xFF,0xFF,0xFF,0xFF,0xFF,0xFF,0xFF,0xFF,0xFF,0xFF,0xFF,0xFF,0xFF,0xFF,0xFF,
             -0xFF,0xFF,0xFF},
 266          {0xFF,0xFF,0xFF,0xFF,0xFF,0xFF,0xFF,0xFF,0xFF,0xFF,0xFF,0xFF,0xFF,0xFF,0xFF,0xFF,0xFF,0xFF,0xFF,0xFF,0xFF,
             -0xFF,0xFF,0xFF},
 267          {0xFF,0xFF,0xFF,0xFF,0xFF,0xFF,0xFF,0xFF,0xFF,0xFF,0xFF,0xFF,0xFF,0xFF,0xFF,0xFF,0xFF,0xFF,0xFF,0xFF,0xFF,
             -0xFF,0xFF,0xFF},
 268          {0xFF,0xFF,0xFF,0xFF,0xFF,0xFF,0xFF,0xFF,0xFF,0xFF,0xFF,0xFF,0xFF,0xFF,0xFF,0xFF,0xFF,0xFF,0xFF,0xFF,0xFF,
             -0xFF,0xFF,0xFF},
 269          {0xFF,0xFF,0xFF,0xFF,0xFF,0xFF,0xFF,0xFF,0xFF,0xFF,0xFF,0xFF,0xFF,0xFF,0xFF,0xFF,0xFF,0xFF,0xFF,0xFF,0xFF,
             -0xFF,0xFF,0xFF},
 270          {0xFF,0xFF,0xFF,0xFF,0xFF,0xFF,0xFF,0xFF,0xFF,0xFF,0xFF,0xFF,0xFF,0xFF,0xFF,0xFF,0xFF,0xFF,0xFF,0xFF,0xFF,
             -0xFF,0xFF,0xFF},
 271          {0xFF,0xFF,0xFF,0xFF,0xFF,0xFF,0xFF,0xFF,0xFF,0xFF,0xFF,0xFF,0xFF,0xFF,0xFF,0xFF,0xFF,0xFF,0xFF,0xFF,0xFF,
             -0xFF,0xFF,0xFF},
 272          {0xFF,0xFF,0xFF,0xFF,0xFF,0xFF,0xFF,0xFF,0xFF,0xFF,0xFF,0xFF,0xFF,0xFF,0xFF,0xFF,0xFF,0xFF,0xFF,0xFF,0xFF,
             -0xFF,0xFF,0xFF},
 273          {0xFF,0xFF,0xFF,0xFF,0xFF,0xFF,0xFF,0xFF,0xFF,0xFF,0xFF,0xFF,0xFF,0xFF,0xFF,0xFF,0xFF,0xFF,0xFF,0xFF,0xFF,
             -0xFF,0xFF,0xFF},
 274          {0xFF,0xFF,0xFF,0xFF,0xFF,0xFF,0xFF,0xFF,0xFF,0xFF,0xFF,0xFF,0xFF,0xFF,0xFF,0xFF,0xFF,0xFF,0xFF,0xFF,0xFF,
             -0xFF,0xFF,0xFF},
 275          {0xFF,0xFF,0xFF,0xFF,0xFF,0xFF,0xFF,0xFF,0xFF,0xFF,0xFF,0xFF,0xFF,0xFF,0xFF,0xFF,0xFF,0xFF,0xFF,0xFF,0xFF,
             -0xFF,0xFF,0xFF},
 276          {0xFF,0xFF,0xFF,0xFF,0xFF,0xFF,0xFF,0xFF,0xFF,0xFF,0xFF,0xFF,0xFF,0xFF,0xFF,0xFF,0xFF,0xFF,0xFF,0xFF,0xFF,
             -0xFF,0xFF,0xFF},
 277          {0xFF,0xFF,0xFF,0xFF,0xFF,0xFF,0xFF,0xFF,0xFF,0xFF,0xFF,0xFF,0xFF,0xFF,0xFF,0xFF},/*"E:\Pictures\12864\序
             -列2\序列 0115.bmp",0*/
 278          },
 279          
 280          {
 281          {0xFF,0xFF,0xFF,0xFF,0xFF,0xFF,0xFF,0xFF,0xFF,0xFF,0xFF,0xFF,0xFF,0xFF,0xFF,0xFF,0xFF,0xFF,0xFF,0xFF,0xFF,
             -0xFF,0xFF,0xFF},
 282          {0xFF,0xFF,0xFF,0xFF,0xFF,0xFF,0xFF,0xFF,0xFF,0xFF,0xFF,0xFF,0xFF,0xFF,0xFF,0xFF,0xFF,0xFF,0xFF,0xFF,0xFF,
             -0xFF,0xFF,0xFF},
 283          {0xFF,0xFF,0xFF,0xFF,0xFF,0xFF,0xFF,0xFF,0xFF,0xFF,0xFF,0xFF,0xFF,0xFF,0xFF,0xFF,0xFF,0xFF,0xFF,0xFF,0xFF,
             -0xFF,0xFF,0xFF},
 284          {0xFF,0xFF,0xFF,0xFF,0xFF,0xFF,0xFF,0xFF,0xFF,0xFF,0xFF,0xFF,0xFF,0xFF,0xFF,0xFF,0xFF,0xFF,0xFF,0xFF,0xFF,
             -0xFF,0xFF,0xFF},
 285          {0xFF,0xFF,0xFF,0xFF,0xFF,0xFF,0xFF,0xFF,0xFF,0xFF,0xFF,0xFF,0xFF,0xFF,0xFF,0xFF,0xFF,0xFF,0xFF,0xFF,0xFF,
             -0xFF,0xFF,0xFF},
C51 COMPILER V9.52.0.0   MENU                                                              10/24/2020 19:28:59 PAGE 9   

 286          {0xFF,0xFF,0xFF,0xFF,0xFF,0xFF,0xFF,0xFF,0xFF,0xFF,0xFF,0xFF,0xFF,0xFF,0xFF,0xFF,0xFF,0xFF,0xFF,0xFF,0xFF,
             -0xFF,0xFF,0xFF},
 287          {0xFF,0xFF,0xFF,0xFF,0xFF,0xFF,0xFF,0xFF,0xFF,0xFF,0xFF,0xFF,0xFF,0xFF,0xFF,0xFF,0xFF,0xFF,0xFF,0xFF,0xFF,
             -0xFF,0xFF,0xFF},
 288          {0xFF,0xFF,0xFF,0xFF,0xFF,0xFF,0xFF,0xFF,0xFF,0xFF,0xFF,0xFF,0xFF,0xFF,0xFF,0xFF,0xFF,0xFF,0xFF,0xFF,0xFF,
             -0xFF,0xFF,0xFF},
 289          {0xFF,0xFF,0xFF,0xFF,0xFF,0xFF,0xFF,0xFF,0xFF,0xFF,0xFF,0xFF,0xFF,0xFF,0xFF,0xFF,0xFF,0xFF,0xFF,0xFF,0xFF,
             -0xFF,0xFF,0xFF},
 290          {0xFF,0xFF,0xFF,0xFF,0xFF,0xFF,0xFF,0xFF,0xFF,0xFF,0xFF,0xFF,0xFF,0xFF,0xFF,0xFF,0xFF,0xFF,0xFF,0xFF,0xFF,
             -0xFF,0xFF,0xFF},
 291          {0xFF,0xFF,0xFF,0xFF,0xFF,0xFF,0xFF,0xFF,0xFF,0xFF,0xFF,0xFF,0xFF,0xFF,0xFF,0xFF,0xFF,0xFF,0xFF,0xFF,0xFF,
             -0xFF,0xFF,0xFF},
 292          {0xFF,0xFF,0xFF,0xFF,0x7F,0x7F,0x7F,0x7F,0x7F,0x7F,0x7F,0xFF,0xFF,0xFF,0xFF,0xFF,0xFF,0xFF,0xFF,0xFF,0xFF,
             -0xFF,0xFF,0xFF},
 293          {0xFF,0xFF,0xFF,0xFF,0xFF,0xFF,0xFF,0xFF,0xFF,0xFF,0xFF,0xFF,0xFF,0xFF,0xFF,0xFF,0xFF,0xFF,0xFF,0x7F,0x7F,
             -0x7F,0x7F,0x7F},
 294          {0x7F,0x7F,0xFF,0xFF,0xFF,0xFF,0xFF,0xFF,0xFF,0xFF,0xFF,0xFF,0xFF,0xFF,0xFF,0xFF,0xFF,0xFF,0xFF,0xFF,0xFF,
             -0xFF,0xFF,0xFF},
 295          {0xFF,0xFF,0xFF,0xFF,0xFF,0xFF,0xFF,0xFF,0xFF,0xFF,0xFF,0xFF,0xFF,0xFF,0xFF,0xFF,0xFF,0xFF,0xFF,0xFF,0xFF,
             -0xFF,0xFF,0xFF},
 296          {0xFF,0xFF,0xFF,0xFF,0xFF,0xFF,0xFF,0xFF,0xFF,0xFF,0xFF,0xFF,0xFF,0xFF,0xFF,0xFF,0xFF,0xFF,0xFF,0xFF,0xFF,
             -0xFF,0xFF,0xFF},
 297          {0xFF,0xFF,0xFF,0xFF,0xFF,0xFF,0xFF,0xFF,0xFF,0xFF,0xFF,0x3F,0x07,0x00,0x00,0x00,0xC0,0xF8,0xFE,0xFF,0xFF,
             -0xFF,0xFF,0xFF},
 298          {0xFF,0xFF,0xFF,0xFF,0xFF,0xFF,0xFF,0xFF,0xFF,0xFF,0xFF,0xFF,0xFF,0xFF,0xFF,0xFF,0xFF,0xFF,0xFF,0xFF,0xFF,
             -0xFF,0xFF,0xFF},
 299          {0xFF,0x7F,0x0F,0x00,0x00,0x00,0x80,0xF0,0xFE,0xFF,0xFF,0xFF,0xFF,0xFF,0xFF,0xFF,0xFF,0xFF,0xFF,0xFF,0xFF,
             -0xFF,0xFF,0xFF},
 300          {0xFF,0xFF,0xFF,0xFF,0xFF,0xFF,0xFF,0xFF,0xFF,0xFF,0xFF,0xFF,0xFF,0xFF,0xFF,0xFF,0xFF,0xFF,0xFF,0xFF,0xFF,
             -0xFF,0xFF,0xFF},
 301          {0xFF,0xFF,0xFF,0xFF,0xFF,0xFF,0xFF,0xFF,0xFF,0xFF,0xFF,0xFF,0xFF,0xFF,0xFF,0xFF,0xFF,0xFF,0xFF,0xFF,0xFF,
             -0xFF,0xFF,0xFF},
 302          {0xFF,0xFF,0xFF,0xFF,0xFF,0xFF,0xFF,0xFF,0xFF,0xFF,0xFF,0xFF,0xFF,0xFF,0xFF,0xFF,0xDF,0xCF,0xC1,0xC0,0xC0,
             -0xC0,0xC0,0xCF},
 303          {0xCF,0xCF,0xCF,0xCF,0xC7,0xC7,0xC3,0xF1,0xFF,0xFF,0xFF,0xFF,0xFF,0xFF,0xFF,0xFF,0xFF,0xFF,0xFF,0xFF,0xFF,
             -0xFF,0xFF,0xFF},
 304          {0xFF,0xFF,0xFF,0xFF,0xFF,0xFF,0xDF,0xCF,0xC3,0xC0,0xC0,0xC0,0xC0,0xCC,0xCF,0xCF,0xCF,0xCF,0xCF,0xC7,0xC3,
             -0xE1,0xF8,0xFF},
 305          {0xFF,0xFF,0xFF,0xFF,0xFF,0xFF,0xFF,0xFF,0xFF,0xFF,0xFF,0xFF,0xFF,0xFF,0xFF,0xFF,0xFF,0xFF,0xFF,0xFF,0xFF,
             -0xFF,0xFF,0xFF},
 306          {0xFF,0xFF,0xFF,0xFF,0xFF,0xFF,0xFF,0xFF,0xFF,0xFF,0xFF,0xFF,0xFF,0xFF,0xFF,0xFF,0xFF,0xFF,0xFF,0xFF,0xFF,
             -0xFF,0xFF,0xFF},
 307          {0xFF,0xFF,0xFF,0xFF,0xFF,0xFF,0xFF,0xFF,0xFF,0xFF,0xFF,0xFF,0xFF,0xFF,0xFF,0xFF,0xFF,0xFF,0xFF,0xFF,0xFF,
             -0xFF,0xFF,0xFF},
 308          {0xFF,0xFF,0xFF,0xFF,0xFF,0xFF,0xFF,0xFF,0xFF,0xFF,0xFF,0xFF,0xFF,0xFF,0xFF,0xFF,0xFF,0xFF,0xFF,0xFF,0xFF,
             -0xFF,0xFF,0xFF},
 309          {0xFF,0xFF,0xFF,0xFF,0xFF,0xFF,0xFF,0xFF,0xFF,0xFF,0xFF,0xFF,0xFF,0xFF,0xFF,0xFF,0xFF,0xFF,0xFF,0xFF,0xFF,
             -0xFF,0xFF,0xFF},
 310          {0xFF,0xFF,0xFF,0xFF,0xFF,0xFF,0xFF,0xFF,0xFF,0xFF,0xFF,0xFF,0xFF,0xFF,0xFF,0xFF,0xFF,0xFF,0xFF,0xFF,0xFF,
             -0xFF,0xFF,0xFF},
 311          {0xFF,0xFF,0xFF,0xFF,0xFF,0xFF,0xFF,0xFF,0xFF,0xFF,0xFF,0xFF,0xFF,0xFF,0xFF,0xFF,0xFF,0xFF,0xFF,0xFF,0xFF,
             -0xFF,0xFF,0xFF},
 312          {0xFF,0xFF,0xFF,0xFF,0xFF,0xFF,0xFF,0xFF,0xFF,0xFF,0xFF,0xFF,0xFF,0xFF,0xFF,0xFF,0xFF,0xFF,0xFF,0xFF,0xFF,
             -0xFF,0xFF,0xFF},
 313          {0xFF,0xFF,0xFF,0xFF,0xFF,0xFF,0xFF,0xFF,0xFF,0xFF,0xFF,0xFF,0xFF,0xFF,0xFF,0xFF,0xFF,0xFF,0xFF,0xFF,0xFF,
             -0xFF,0xFF,0xFF},
 314          {0xFF,0xFF,0xFF,0xFF,0xFF,0xFF,0xFF,0xFF,0xFF,0xFF,0xFF,0xFF,0xFF,0xFF,0xFF,0xFF,0xFF,0xFF,0xFF,0xFF,0xFF,
             -0xFF,0xFF,0xFF},
 315          {0xFF,0xFF,0xFF,0xFF,0xFF,0xFF,0xFF,0xFF,0xFF,0xFF,0xFF,0xFF,0xFF,0xFF,0xFF,0xFF,0xFF,0xFF,0xFF,0xFF,0xFF,
             -0xFF,0xFF,0xFF},
 316          {0xFF,0xFF,0xFF,0xFF,0xFF,0xFF,0xFF,0xFF,0xFF,0xFF,0xFF,0xFF,0xFF,0xFF,0xFF,0xFF,0xFF,0xFF,0xFF,0xFF,0xFF,
             -0xFF,0xFF,0xFF},
C51 COMPILER V9.52.0.0   MENU                                                              10/24/2020 19:28:59 PAGE 10  

 317          {0xFF,0xFF,0xFF,0xFF,0xFF,0xFF,0xFF,0xFF,0xFF,0xFF,0xFF,0xFF,0xFF,0xFF,0xFF,0xFF,0xFF,0xFF,0xFF,0xFF,0xFF,
             -0xFF,0xFF,0xFF},
 318          {0xFF,0xFF,0xFF,0xFF,0xFF,0xFF,0xFF,0xFF,0xFF,0xFF,0xFF,0xFF,0xFF,0xFF,0xFF,0xFF,0xFF,0xFF,0xFF,0xFF,0xFF,
             -0xFF,0xFF,0xFF},
 319          {0xFF,0xFF,0xFF,0xFF,0xFF,0xFF,0xFF,0xFF,0xFF,0xFF,0xFF,0xFF,0xFF,0xFF,0xFF,0xFF,0xFF,0xFF,0xFF,0xFF,0xFF,
             -0xFF,0xFF,0xFF},
 320          {0xFF,0xFF,0xFF,0xFF,0xFF,0xFF,0xFF,0xFF,0xFF,0xFF,0xFF,0xFF,0xFF,0xFF,0xFF,0xFF,0xFF,0xFF,0xFF,0xFF,0xFF,
             -0xFF,0xFF,0xFF},
 321          {0xFF,0xFF,0xFF,0xFF,0xFF,0xFF,0xFF,0xFF,0xFF,0xFF,0xFF,0xFF,0xFF,0xFF,0xFF,0xFF,0xFF,0xFF,0xFF,0xFF,0xFF,
             -0xFF,0xFF,0xFF},
 322          {0xFF,0xFF,0xFF,0xFF,0xFF,0xFF,0xFF,0xFF,0xFF,0xFF,0xFF,0xFF,0xFF,0xFF,0xFF,0xFF,0xFF,0xFF,0xFF,0xFF,0xFF,
             -0xFF,0xFF,0xFF},
 323          {0xFF,0xFF,0xFF,0xFF,0xFF,0xFF,0xFF,0xFF,0xFF,0xFF,0xFF,0xFF,0xFF,0xFF,0xFF,0xFF},/*"E:\Pictures\12864\序
             -列2\序列 0125.bmp",0*/
 324          },
 325          
 326          {
 327          {0xFF,0xFF,0xFF,0xFF,0xFF,0xFF,0xFF,0xFF,0xFF,0xFF,0xFF,0xFF,0xFF,0xFF,0xFF,0xFF,0xFF,0xFF,0xFF,0xFF,0xFF,
             -0xFF,0xFF,0xFF},
 328          {0xFF,0xFF,0xFF,0xFF,0xFF,0xFF,0xFF,0xFF,0xFF,0xFF,0xFF,0xFF,0xFF,0xFF,0xFF,0xFF,0xFF,0xFF,0xFF,0xFF,0xFF,
             -0xFF,0xFF,0xFF},
 329          {0xFF,0xFF,0xFF,0xFF,0xFF,0xFF,0xFF,0xFF,0xFF,0xFF,0xFF,0xFF,0xFF,0xFF,0xFF,0xFF,0xFF,0xFF,0xFF,0xFF,0xFF,
             -0xFF,0xFF,0xFF},
 330          {0xFF,0xFF,0xFF,0xFF,0xFF,0xFF,0xFF,0xFF,0xFF,0xFF,0xFF,0xFF,0xFF,0xFF,0xFF,0xFF,0xFF,0xFF,0xFF,0xFF,0xFF,
             -0xFF,0xFF,0xFF},
 331          {0xFF,0xFF,0xFF,0xFF,0xFF,0xFF,0xFF,0xFF,0xFF,0xFF,0xFF,0xFF,0xFF,0xFF,0xFF,0xFF,0xFF,0xFF,0xFF,0xFF,0xFF,
             -0xFF,0xFF,0xFF},
 332          {0xFF,0xFF,0xFF,0xFF,0xFF,0xFF,0xFF,0xFF,0xFF,0xFF,0xFF,0xFF,0xFF,0xFF,0xFF,0xFF,0xFF,0xFF,0xFF,0xFF,0xFF,
             -0xFF,0xFF,0xFF},
 333          {0xFF,0xFF,0xFF,0xFF,0xFF,0xFF,0xFF,0xFF,0xFF,0xFF,0xFF,0xFF,0xFF,0xFF,0xFF,0xFF,0xFF,0xFF,0xFF,0xFF,0xFF,
             -0xFF,0xFF,0xFF},
 334          {0xFF,0xFF,0xFF,0xFF,0xFF,0xFF,0xFF,0xFF,0xFF,0xFF,0xFF,0xFF,0xFF,0xFF,0xFF,0xFF,0xFF,0xFF,0xFF,0xFF,0xFF,
             -0xFF,0xFF,0xFF},
 335          {0xFF,0xFF,0xFF,0xFF,0xFF,0xFF,0xFF,0xFF,0xFF,0xFF,0xFF,0xFF,0xFF,0xFF,0xFF,0xFF,0xFF,0xFF,0xFF,0xFF,0xFF,
             -0xFF,0xFF,0xFF},
 336          {0xFF,0xFF,0xFF,0xFF,0xFF,0xFF,0xFF,0xFF,0xFF,0xFF,0xFF,0xFF,0xFF,0xFF,0xFF,0xFF,0xFF,0xFF,0xFF,0xFF,0xFF,
             -0xFF,0xFF,0xFF},
 337          {0xFF,0xFF,0xFF,0xFF,0xFF,0xFF,0xFF,0xFF,0xFF,0xFF,0xFF,0xFF,0xFF,0xFF,0xFF,0xFF,0xFF,0xFF,0xFF,0xFF,0xFF,
             -0xFF,0xFF,0xFF},
 338          {0xFF,0xFF,0xFF,0xFF,0x7F,0x7F,0x7F,0x7F,0x7F,0x7F,0x7F,0xFF,0xFF,0xFF,0xFF,0xFF,0xFF,0xFF,0xFF,0xFF,0xFF,
             -0xFF,0xFF,0xFF},
 339          {0xFF,0xFF,0xFF,0xFF,0xFF,0xFF,0xFF,0xFF,0xFF,0xFF,0xFF,0xFF,0xFF,0xFF,0xFF,0xFF,0xFF,0xFF,0xFF,0xFF,0xFF,
             -0xFF,0xFF,0xFF},
 340          {0xFF,0xFF,0xFF,0xFF,0xFF,0xFF,0xFF,0xFF,0xFF,0xFF,0xFF,0xFF,0x7F,0x7F,0x7F,0x7F,0x7F,0x7F,0x7F,0xFF,0xFF,
             -0xFF,0xFF,0xFF},
 341          {0xFF,0xFF,0xFF,0xFF,0xFF,0xFF,0xFF,0xFF,0xFF,0xFF,0xFF,0xFF,0xFF,0xFF,0xFF,0xFF,0xFF,0xFF,0xFF,0xFF,0xFF,
             -0xFF,0xFF,0xFF},
 342          {0xFF,0xFF,0xFF,0xFF,0xFF,0xFF,0xFF,0xFF,0xFF,0xFF,0xFF,0xFF,0xFF,0xFF,0xFF,0xFF,0xFF,0xFF,0xFF,0xFF,0xFF,
             -0xFF,0xFF,0xFF},
 343          {0xFF,0xFF,0xFF,0xFF,0xFF,0xFF,0xFF,0xFF,0xFF,0xFF,0xFF,0x3F,0x07,0x00,0x00,0x00,0xC0,0xF8,0xFE,0xFF,0xFF,
             -0xFF,0xFF,0xFF},
 344          {0xFF,0xFF,0xFF,0xFF,0xFF,0xFF,0xFF,0xFF,0xFF,0xFF,0xFF,0xFF,0xFF,0xFF,0xFF,0xFF,0xFF,0xFF,0xFF,0xFF,0xFF,
             -0xFF,0xFF,0xFF},
 345          {0xFF,0xFF,0xFF,0xFF,0xFF,0xFF,0xFF,0xFF,0xFF,0xFF,0xFF,0xFF,0xFF,0xFF,0xFF,0xFF,0xFF,0xFF,0xFF,0x1F,0x03,
             -0x00,0x00,0x00},
 346          {0xE0,0xFC,0xFF,0xFF,0xFF,0xFF,0xFF,0xFF,0xFF,0xFF,0xFF,0xFF,0xFF,0xFF,0xFF,0xFF,0xFF,0xFF,0xFF,0xFF,0xFF,
             -0xFF,0xFF,0xFF},
 347          {0xFF,0xFF,0xFF,0xFF,0xFF,0xFF,0xFF,0xFF,0xFF,0xFF,0xFF,0xFF,0xFF,0xFF,0xFF,0xFF,0xFF,0xFF,0xFF,0xFF,0xFF,
             -0xFF,0xFF,0xFF},
 348          {0xFF,0xFF,0xFF,0xFF,0xFF,0xFF,0xFF,0xFF,0xFF,0xFF,0xFF,0xFF,0xFF,0xFF,0xFF,0xFF,0xDF,0xCF,0xC1,0xC0,0xC0,
             -0xC0,0xC0,0xCF},
 349          {0xCF,0xCF,0xCF,0xCF,0xC7,0xC7,0xC3,0xF1,0xFF,0xFF,0xFF,0xFF,0xFF,0xFF,0xFF,0xFF,0xFF,0xFF,0xFF,0xFF,0xFF,
C51 COMPILER V9.52.0.0   MENU                                                              10/24/2020 19:28:59 PAGE 11  

             -0xFF,0xFF,0xFF},
 350          {0xFF,0xFF,0xFF,0xFF,0xFF,0xFF,0xFF,0xFF,0xFF,0xFF,0xFF,0xFF,0xFF,0xFF,0xFF,0xFF,0xFF,0xFF,0xFF,0xFF,0xFF,
             -0xFF,0xFF,0xFF},
 351          {0xDF,0xC7,0xC0,0xC0,0xC0,0xC0,0xC0,0xCF,0xCF,0xCF,0xCF,0xCF,0xC7,0xC7,0xC3,0xF1,0xFF,0xFF,0xFF,0xFF,0xFF,
             -0xFF,0xFF,0xFF},
 352          {0xFF,0xFF,0xFF,0xFF,0xFF,0xFF,0xFF,0xFF,0xFF,0xFF,0xFF,0xFF,0xFF,0xFF,0xFF,0xFF,0xFF,0xFF,0xFF,0xFF,0xFF,
             -0xFF,0xFF,0xFF},
 353          {0xFF,0xFF,0xFF,0xFF,0xFF,0xFF,0xFF,0xFF,0xFF,0xFF,0xFF,0xFF,0xFF,0xFF,0xFF,0xFF,0xFF,0xFF,0xFF,0xFF,0xFF,
             -0xFF,0xFF,0xFF},
 354          {0xFF,0xFF,0xFF,0xFF,0xFF,0xFF,0xFF,0xFF,0xFF,0xFF,0xFF,0xFF,0xFF,0xFF,0xFF,0xFF,0xFF,0xFF,0xFF,0xFF,0xFF,
             -0xFF,0xFF,0xFF},
 355          {0xFF,0xFF,0xFF,0xFF,0xFF,0xFF,0xFF,0xFF,0xFF,0xFF,0xFF,0xFF,0xFF,0xFF,0xFF,0xFF,0xFF,0xFF,0xFF,0xFF,0xFF,
             -0xFF,0xFF,0xFF},
 356          {0xFF,0xFF,0xFF,0xFF,0xFF,0xFF,0xFF,0xFF,0xFF,0xFF,0xFF,0xFF,0xFF,0xFF,0xFF,0xFF,0xFF,0xFF,0xFF,0xFF,0xFF,
             -0xFF,0xFF,0xFF},
 357          {0xFF,0xFF,0xFF,0xFF,0xFF,0xFF,0xFF,0xFF,0xFF,0xFF,0xFF,0xFF,0xFF,0xFF,0xFF,0xFF,0xFF,0xFF,0xFF,0xFF,0xFF,
             -0xFF,0xFF,0xFF},
 358          {0xFF,0xFF,0xFF,0xFF,0xFF,0xFF,0xFF,0xFF,0xFF,0xFF,0xFF,0xFF,0xFF,0xFF,0xFF,0xFF,0xFF,0xFF,0xFF,0xFF,0xFF,
             -0xFF,0xFF,0xFF},
 359          {0xFF,0xFF,0xFF,0xFF,0xFF,0xFF,0xFF,0xFF,0xFF,0xFF,0xFF,0xFF,0xFF,0xFF,0xFF,0xFF,0xFF,0xFF,0xFF,0xFF,0xFF,
             -0xFF,0xFF,0xFF},
 360          {0xFF,0xFF,0xFF,0xFF,0xFF,0xFF,0xFF,0xFF,0xFF,0xFF,0xFF,0xFF,0xFF,0xFF,0xFF,0xFF,0xFF,0xFF,0xFF,0xFF,0xFF,
             -0xFF,0xFF,0xFF},
 361          {0xFF,0xFF,0xFF,0xFF,0xFF,0xFF,0xFF,0xFF,0xFF,0xFF,0xFF,0xFF,0xFF,0xFF,0xFF,0xFF,0xFF,0xFF,0xFF,0xFF,0xFF,
             -0xFF,0xFF,0xFF},
 362          {0xFF,0xFF,0xFF,0xFF,0xFF,0xFF,0xFF,0xFF,0xFF,0xFF,0xFF,0xFF,0xFF,0xFF,0xFF,0xFF,0xFF,0xFF,0xFF,0xFF,0xFF,
             -0xFF,0xFF,0xFF},
 363          {0xFF,0xFF,0xFF,0xFF,0xFF,0xFF,0xFF,0xFF,0xFF,0xFF,0xFF,0xFF,0xFF,0xFF,0xFF,0xFF,0xFF,0xFF,0xFF,0xFF,0xFF,
             -0xFF,0xFF,0xFF},
 364          {0xFF,0xFF,0xFF,0xFF,0xFF,0xFF,0xFF,0xFF,0xFF,0xFF,0xFF,0xFF,0xFF,0xFF,0xFF,0xFF,0xFF,0xFF,0xFF,0xFF,0xFF,
             -0xFF,0xFF,0xFF},
 365          {0xFF,0xFF,0xFF,0xFF,0xFF,0xFF,0xFF,0xFF,0xFF,0xFF,0xFF,0xFF,0xFF,0xFF,0xFF,0xFF,0xFF,0xFF,0xFF,0xFF,0xFF,
             -0xFF,0xFF,0xFF},
 366          {0xFF,0xFF,0xFF,0xFF,0xFF,0xFF,0xFF,0xFF,0xFF,0xFF,0xFF,0xFF,0xFF,0xFF,0xFF,0xFF,0xFF,0xFF,0xFF,0xFF,0xFF,
             -0xFF,0xFF,0xFF},
 367          {0xFF,0xFF,0xFF,0xFF,0xFF,0xFF,0xFF,0xFF,0xFF,0xFF,0xFF,0xFF,0xFF,0xFF,0xFF,0xFF,0xFF,0xFF,0xFF,0xFF,0xFF,
             -0xFF,0xFF,0xFF},
 368          {0xFF,0xFF,0xFF,0xFF,0xFF,0xFF,0xFF,0xFF,0xFF,0xFF,0xFF,0xFF,0xFF,0xFF,0xFF,0xFF,0xFF,0xFF,0xFF,0xFF,0xFF,
             -0xFF,0xFF,0xFF},
 369          {0xFF,0xFF,0xFF,0xFF,0xFF,0xFF,0xFF,0xFF,0xFF,0xFF,0xFF,0xFF,0xFF,0xFF,0xFF,0xFF},/*"E:\Pictures\12864\序
             -列2\序列 0135.bmp",0*/
 370          },
 371          
 372          {
 373          {0xFF,0xFF,0xFF,0xFF,0xFF,0xFF,0xFF,0xFF,0xFF,0xFF,0xFF,0xFF,0xFF,0xFF,0xFF,0xFF,0xFF,0xFF,0xFF,0xFF,0xFF,
             -0xFF,0xFF,0xFF},
 374          {0xFF,0xFF,0xFF,0xFF,0xFF,0xFF,0xFF,0xFF,0xFF,0xFF,0xFF,0xFF,0xFF,0xFF,0xFF,0xFF,0xFF,0xFF,0xFF,0xFF,0xFF,
             -0xFF,0xFF,0xFF},
 375          {0xFF,0xFF,0xFF,0xFF,0xFF,0xFF,0xFF,0xFF,0xFF,0xFF,0xFF,0xFF,0xFF,0xFF,0xFF,0xFF,0xFF,0xFF,0xFF,0xFF,0xFF,
             -0xFF,0xFF,0xFF},
 376          {0xFF,0xFF,0xFF,0xFF,0xFF,0xFF,0xFF,0xFF,0xFF,0xFF,0xFF,0xFF,0xFF,0xFF,0xFF,0xFF,0xFF,0xFF,0xFF,0xFF,0xFF,
             -0xFF,0xFF,0xFF},
 377          {0xFF,0xFF,0xFF,0xFF,0xFF,0xFF,0xFF,0xFF,0xFF,0xFF,0xFF,0xFF,0xFF,0xFF,0xFF,0xFF,0xFF,0xFF,0xFF,0xFF,0xFF,
             -0xFF,0xFF,0xFF},
 378          {0xFF,0xFF,0xFF,0xFF,0xFF,0xFF,0xFF,0xFF,0xFF,0xFF,0xFF,0xFF,0xFF,0xFF,0xFF,0xFF,0xFF,0xFF,0xFF,0xFF,0xFF,
             -0xFF,0xFF,0xFF},
 379          {0xFF,0xFF,0xFF,0xFF,0xFF,0xFF,0xFF,0xFF,0xFF,0xFF,0xFF,0xFF,0xFF,0xFF,0xFF,0xFF,0xFF,0xFF,0xFF,0xFF,0xFF,
             -0xFF,0xFF,0xFF},
 380          {0xFF,0xFF,0xFF,0xFF,0xFF,0xFF,0xFF,0xFF,0xFF,0xFF,0xFF,0xFF,0xFF,0xFF,0xFF,0xFF,0xFF,0xFF,0xFF,0xFF,0xFF,
             -0xFF,0xFF,0xFF},
 381          {0xFF,0xFF,0xFF,0xFF,0xFF,0xFF,0xFF,0xFF,0xFF,0xFF,0xFF,0xFF,0xFF,0xFF,0xFF,0xFF,0xFF,0xFF,0xFF,0xFF,0xFF,
             -0xFF,0xFF,0xFF},
C51 COMPILER V9.52.0.0   MENU                                                              10/24/2020 19:28:59 PAGE 12  

 382          {0xFF,0xFF,0xFF,0xFF,0xFF,0xFF,0xFF,0xFF,0xFF,0xFF,0xFF,0xFF,0xFF,0xFF,0xFF,0xFF,0xFF,0xFF,0xFF,0xFF,0xFF,
             -0xFF,0xFF,0xFF},
 383          {0xFF,0xFF,0xFF,0xFF,0xFF,0xFF,0xFF,0xFF,0xFF,0xFF,0xFF,0xFF,0xFF,0xFF,0xFF,0xFF,0xFF,0xFF,0xFF,0xFF,0xFF,
             -0xFF,0xFF,0xFF},
 384          {0xFF,0xFF,0xFF,0xFF,0x7F,0x7F,0x7F,0x7F,0x7F,0x7F,0x7F,0xFF,0xFF,0xFF,0xFF,0xFF,0xFF,0xFF,0xFF,0xFF,0xFF,
             -0xFF,0xFF,0xFF},
 385          {0xFF,0xFF,0xFF,0xFF,0xFF,0xFF,0xFF,0xFF,0xFF,0xFF,0xFF,0xFF,0xFF,0xFF,0xFF,0xFF,0xFF,0xFF,0xFF,0xFF,0xFF,
             -0xFF,0xFF,0xFF},
 386          {0xFF,0xFF,0xFF,0xFF,0xFF,0xFF,0xFF,0xFF,0xFF,0xFF,0xFF,0xFF,0xFF,0x7F,0x7F,0x7F,0x7F,0x7F,0x7F,0x7F,0xFF,
             -0xFF,0xFF,0xFF},
 387          {0xFF,0xFF,0xFF,0xFF,0xFF,0xFF,0xFF,0xFF,0xFF,0xFF,0xFF,0xFF,0xFF,0xFF,0xFF,0xFF,0xFF,0xFF,0xFF,0xFF,0xFF,
             -0xFF,0xFF,0xFF},
 388          {0xFF,0xFF,0xFF,0xFF,0xFF,0xFF,0xFF,0xFF,0xFF,0xFF,0xFF,0xFF,0xFF,0xFF,0xFF,0xFF,0xFF,0xFF,0xFF,0xFF,0xFF,
             -0xFF,0xFF,0xFF},
 389          {0xFF,0xFF,0xFF,0xFF,0xFF,0xFF,0xFF,0xFF,0xFF,0xFF,0xFF,0x3F,0x07,0x00,0x00,0x00,0xC0,0xF8,0xFE,0xFF,0xFF,
             -0xFF,0xFF,0xFF},
 390          {0xFF,0xFF,0x3F,0x1F,0x1F,0x0F,0xCF,0xE7,0xE7,0x07,0x07,0x0F,0x0F,0x3F,0xE7,0x07,0x07,0x07,0x0F,0xFF,0xFF,
             -0xCF,0x07,0x07},
 391          {0x07,0x8F,0xFF,0xFF,0xFF,0xFF,0xFF,0xFF,0xFF,0xFF,0xFF,0xFF,0xFF,0xFF,0xFF,0xFF,0xFF,0xFF,0xFF,0x7F,0x0F,
             -0x00,0x00,0x00},
 392          {0x80,0xF0,0xFE,0xFF,0xFF,0xFF,0xFF,0xFF,0xFF,0xFF,0xFF,0xFF,0xFF,0xFF,0xFF,0xFF,0xFF,0xFF,0xFF,0xFF,0xFF,
             -0xFF,0xFF,0xFF},
 393          {0xFF,0xFF,0xFF,0xFF,0xFF,0xFF,0xFF,0xFF,0xFF,0xFF,0xFF,0xFF,0xFF,0xFF,0xFF,0xFF,0xFF,0xFF,0xFF,0xFF,0xFF,
             -0xFF,0xFF,0xFF},
 394          {0xFF,0xFF,0xFF,0xFF,0xFF,0xFF,0xFF,0xFF,0xFF,0xFF,0xFF,0xFF,0xFF,0xFF,0xFF,0xFF,0xDF,0xCF,0xC1,0xC0,0xC0,
             -0xC0,0xC0,0xCF},
 395          {0xCF,0xCF,0xCF,0xCF,0xC7,0xC7,0xC3,0xF1,0xF9,0xE0,0xC0,0xC0,0xC0,0xDF,0xDF,0xCF,0xC3,0xE0,0xF0,0xF0,0xFC,
             -0xFF,0xFF,0xFE},
 396          {0xC0,0xC0,0xC0,0xE0,0xF3,0xF8,0xFC,0xFE,0xFF,0xE7,0xC3,0xC1,0xC1,0xC0,0xC8,0xCA,0xC8,0xE8,0xE8,0xFC,0xFC,
             -0xFF,0xFF,0xFF},
 397          {0xDF,0xCF,0xC3,0xC0,0xC0,0xC0,0xC0,0xCC,0xCF,0xCF,0xCF,0xCF,0xCF,0xC7,0xC3,0xE1,0xFC,0xFF,0xFF,0xFF,0xFF,
             -0xFF,0xFF,0xFF},
 398          {0xFF,0xFF,0xFF,0xFF,0xFF,0xFF,0xFF,0xFF,0xFF,0xFF,0xFF,0xFF,0xFF,0xFF,0xFF,0xFF,0xFF,0xFF,0xFF,0xFF,0xFF,
             -0xFF,0xFF,0xFF},
 399          {0xFF,0xFF,0xFF,0xFF,0xFF,0xFF,0xFF,0xFF,0xFF,0xFF,0xFF,0xFF,0xFF,0xFF,0xFF,0xFF,0xFF,0xFF,0xFF,0xFF,0xFF,
             -0xFF,0xFF,0xFF},
 400          {0xFF,0xFF,0xFF,0xFF,0xFF,0xFF,0xFF,0xFF,0xFF,0xFF,0xFF,0xFF,0xFF,0xFF,0xFF,0xFF,0xFF,0xFF,0xFF,0xFF,0xFF,
             -0xFF,0xFF,0xFF},
 401          {0xFF,0xFF,0xFF,0xFF,0xFF,0xFF,0xFF,0xFF,0xFF,0xFF,0xFF,0xFF,0xFF,0xFF,0xFF,0xFF,0xFF,0xFF,0xFF,0xFF,0xFF,
             -0xFF,0xFF,0xFF},
 402          {0xFF,0xFF,0xFF,0xFF,0xFF,0xFF,0xFF,0xFF,0xFF,0xFF,0xFF,0xFF,0xFF,0xFF,0xFF,0xFF,0xFF,0xFF,0xFF,0xFF,0xFF,
             -0xFF,0xFF,0xFF},
 403          {0xFF,0xFF,0xFF,0xFF,0xFF,0xFF,0xFF,0xFF,0xFF,0xFF,0xFF,0xFF,0xFF,0xFF,0xFF,0xFF,0xFF,0xFF,0xFF,0xFF,0xFF,
             -0xFF,0xFF,0xFF},
 404          {0xFF,0xFF,0xFF,0xFF,0xFF,0xFF,0xFF,0xFF,0xFF,0xFF,0xFF,0xFF,0xFF,0xFF,0xFF,0xFF,0xFF,0xFF,0xFF,0xFF,0xFF,
             -0xFF,0xFF,0xFF},
 405          {0xFF,0xFF,0xFF,0xFF,0xFF,0xFF,0xFF,0xFF,0xFF,0xFF,0xFF,0xFF,0xFF,0xFF,0xFF,0xFF,0xFF,0xFF,0xFF,0xFF,0xFF,
             -0xFF,0xFF,0xFF},
 406          {0xFF,0xFF,0xFF,0xFF,0xFF,0xFF,0xFF,0xFF,0xFF,0xFF,0xFF,0xFF,0xFF,0xFF,0xFF,0xFF,0xFF,0xFF,0xFF,0xFF,0xFF,
             -0xFF,0xFF,0xFF},
 407          {0xFF,0xFF,0xFF,0xFF,0xFF,0xFF,0xFF,0xFF,0xFF,0xFF,0xFF,0xFF,0xFF,0xFF,0xFF,0xFF,0xFF,0xFF,0xFF,0xFF,0xFF,
             -0xFF,0xFF,0xFF},
 408          {0xFF,0xFF,0xFF,0xFF,0xFF,0xFF,0xFF,0xFF,0xFF,0xFF,0xFF,0xFF,0xFF,0xFF,0xFF,0xFF,0xFF,0xFF,0xFF,0xFF,0xFF,
             -0xFF,0xFF,0xFF},
 409          {0xFF,0xFF,0xFF,0xFF,0xFF,0xFF,0xFF,0xFF,0xFF,0xFF,0xFF,0xFF,0xFF,0xFF,0xFF,0xFF,0xFF,0xFF,0xFF,0xFF,0xFF,
             -0xFF,0xFF,0xFF},
 410          {0xFF,0xFF,0xFF,0xFF,0xFF,0xFF,0xFF,0xFF,0xFF,0xFF,0xFF,0xFF,0xFF,0xFF,0xFF,0xFF,0xFF,0xFF,0xFF,0xFF,0xFF,
             -0xFF,0xFF,0xFF},
 411          {0xFF,0xFF,0xFF,0xFF,0xFF,0xFF,0xFF,0xFF,0xFF,0xFF,0xFF,0xFF,0xFF,0xFF,0xFF,0xFF,0xFF,0xFF,0xFF,0xFF,0xFF,
             -0xFF,0xFF,0xFF},
 412          {0xFF,0xFF,0xFF,0xFF,0xFF,0xFF,0xFF,0xFF,0xFF,0xFF,0xFF,0xFF,0xFF,0xFF,0xFF,0xFF,0xFF,0xFF,0xFF,0xFF,0xFF,
             -0xFF,0xFF,0xFF},
C51 COMPILER V9.52.0.0   MENU                                                              10/24/2020 19:28:59 PAGE 13  

 413          {0xFF,0xFF,0xFF,0xFF,0xFF,0xFF,0xFF,0xFF,0xFF,0xFF,0xFF,0xFF,0xFF,0xFF,0xFF,0xFF,0xFF,0xFF,0xFF,0xFF,0xFF,
             -0xFF,0xFF,0xFF},
 414          {0xFF,0xFF,0xFF,0xFF,0xFF,0xFF,0xFF,0xFF,0xFF,0xFF,0xFF,0xFF,0xFF,0xFF,0xFF,0xFF,0xFF,0xFF,0xFF,0xFF,0xFF,
             -0xFF,0xFF,0xFF},
 415          {0xFF,0xFF,0xFF,0xFF,0xFF,0xFF,0xFF,0xFF,0xFF,0xFF,0xFF,0xFF,0xFF,0xFF,0xFF,0xFF},/*"E:\Pictures\12864\序
             -列2\序列 0145.bmp",0*/
 416          },
 417          
 418          {
 419          {0xFF,0xFF,0xFF,0xFF,0xFF,0xFF,0xFF,0xFF,0xFF,0xFF,0xFF,0xFF,0xFF,0xFF,0xFF,0xFF,0xFF,0xFF,0xFF,0xFF,0xFF,
             -0xFF,0xFF,0xFF},
 420          {0xFF,0xFF,0xFF,0xFF,0xFF,0xFF,0xFF,0xFF,0xFF,0xFF,0xFF,0xFF,0xFF,0xFF,0xFF,0xFF,0xFF,0xFF,0xFF,0xFF,0xFF,
             -0xFF,0xFF,0xFF},
 421          {0xFF,0xFF,0xFF,0xFF,0xFF,0xFF,0xFF,0xFF,0xFF,0xFF,0xFF,0xFF,0xFF,0xFF,0xFF,0xFF,0xFF,0xFF,0xFF,0xFF,0xFF,
             -0xFF,0xFF,0xFF},
 422          {0xFF,0xFF,0xFF,0xFF,0xFF,0xFF,0xFF,0xFF,0xFF,0xFF,0xFF,0xFF,0xFF,0xFF,0xFF,0xFF,0xFF,0xFF,0xFF,0xFF,0xFF,
             -0xFF,0xFF,0xFF},
 423          {0xFF,0xFF,0xFF,0xFF,0xFF,0xFF,0xFF,0xFF,0xFF,0xFF,0xFF,0xFF,0xFF,0xFF,0xFF,0xFF,0xFF,0xFF,0xFF,0xFF,0xFF,
             -0xFF,0xFF,0xFF},
 424          {0xFF,0xFF,0xFF,0xFF,0xFF,0xFF,0xFF,0xFF,0xFF,0xFF,0xFF,0xFF,0xFF,0xFF,0xFF,0xFF,0xFF,0xFF,0xFF,0xFF,0xFF,
             -0xFF,0xFF,0xFF},
 425          {0xFF,0xFF,0xFF,0xFF,0xFF,0xFF,0xFF,0xFF,0xFF,0xFF,0xFF,0xFF,0xFF,0xFF,0xFF,0xFF,0xFF,0xFF,0xFF,0xFF,0xFF,
             -0xFF,0xFF,0xFF},
 426          {0xFF,0xFF,0xFF,0xFF,0xFF,0xFF,0xFF,0xFF,0xFF,0xFF,0xFF,0xFF,0xFF,0xFF,0xFF,0xFF,0xFF,0xFF,0xFF,0xFF,0xFF,
             -0xFF,0xFF,0xFF},
 427          {0xFF,0xFF,0xFF,0xFF,0xFF,0xFF,0xFF,0xFF,0xFF,0xFF,0xFF,0xFF,0xFF,0xFF,0xFF,0xFF,0xFF,0xFF,0xFF,0xFF,0xFF,
             -0xFF,0xFF,0xFF},
 428          {0xFF,0xFF,0xFF,0xFF,0xFF,0xFF,0xFF,0xFF,0xFF,0xFF,0xFF,0xFF,0xFF,0xFF,0xFF,0xFF,0xFF,0xFF,0xFF,0xFF,0xFF,
             -0xFF,0xFF,0xFF},
 429          {0xFF,0xFF,0xFF,0xFF,0xFF,0xFF,0xFF,0xFF,0xFF,0xFF,0xFF,0xFF,0xFF,0xFF,0xFF,0xFF,0xFF,0xFF,0xFF,0xFF,0xFF,
             -0xFF,0xFF,0xFF},
 430          {0xFF,0xFF,0xFF,0xFF,0x7F,0x7F,0x7F,0x7F,0x7F,0x7F,0x7F,0xFF,0xFF,0xFF,0xFF,0xFF,0xFF,0xFF,0xFF,0xFF,0xFF,
             -0xFF,0xFF,0xFF},
 431          {0xFF,0xFF,0xFF,0xFF,0xFF,0xFF,0xFF,0xFF,0xFF,0xFF,0xFF,0xFF,0xFF,0xFF,0xFF,0xFF,0xFF,0xFF,0xFF,0xFF,0xFF,
             -0xFF,0xFF,0xFF},
 432          {0xFF,0xFF,0xFF,0xFF,0xFF,0xFF,0xFF,0xFF,0xFF,0xFF,0xFF,0xFF,0xFF,0x7F,0x7F,0x7F,0x7F,0x7F,0x7F,0x7F,0xFF,
             -0xFF,0xFF,0xFF},
 433          {0xFF,0xFF,0xFF,0xFF,0xFF,0xFF,0x7F,0x7F,0x7F,0xFF,0xFF,0xFF,0xFF,0xFF,0xFF,0xFF,0xFF,0xFF,0xFF,0xFF,0xFF,
             -0xFF,0xFF,0xFF},
 434          {0xFF,0xFF,0xFF,0xFF,0xFF,0xFF,0xFF,0xFF,0xFF,0xFF,0xFF,0xFF,0xFF,0xFF,0xFF,0xFF,0xFF,0xFF,0xFF,0xFF,0xFF,
             -0xFF,0xFF,0xFF},
 435          {0xFF,0xFF,0xFF,0xFF,0xFF,0xFF,0xFF,0xFF,0xFF,0xFF,0xFF,0x3F,0x07,0x00,0x00,0x00,0xC0,0xF8,0xFE,0xFF,0xFF,
             -0xFF,0xFF,0xFF},
 436          {0xFF,0xFF,0x3F,0x1F,0x1F,0x0F,0xCF,0xE7,0xE7,0x07,0x07,0x0F,0x0F,0x3F,0xE7,0x07,0x07,0x07,0x0F,0xFF,0xFF,
             -0xCF,0x07,0x07},
 437          {0x07,0x8F,0x7F,0x3F,0x1F,0x0F,0x4F,0x67,0x27,0x07,0x07,0x87,0xCF,0xFF,0xFF,0xFF,0xFF,0xFF,0xFF,0x7F,0x0F,
             -0x00,0x00,0x00},
 438          {0x80,0xF0,0xFE,0xFF,0xFF,0xFF,0xFF,0xFF,0xFF,0xFF,0xFF,0x2F,0x0F,0x07,0x04,0xC4,0xFC,0xEE,0x07,0x07,0x07,
             -0x0F,0x7F,0xFF},
 439          {0xEF,0x07,0x07,0x07,0x8F,0xFF,0xFF,0xFF,0xFF,0xFF,0xFF,0xFF,0xFF,0xFF,0xFF,0xFF,0xFF,0xFF,0xFF,0xFF,0xFF,
             -0xFF,0xFF,0xFF},
 440          {0xFF,0xFF,0xFF,0xFF,0xFF,0xFF,0xFF,0xFF,0xFF,0xFF,0xFF,0xFF,0xFF,0xFF,0xFF,0xFF,0xDF,0xCF,0xC1,0xC0,0xC0,
             -0xC0,0xC0,0xCF},
 441          {0xCF,0xCF,0xCF,0xCF,0xC7,0xC7,0xC3,0xF1,0xF9,0xE0,0xC0,0xC0,0xC0,0xDF,0xDF,0xCF,0xC3,0xE0,0xF0,0xF0,0xFC,
             -0xFF,0xFF,0xFE},
 442          {0xC0,0xC0,0xC0,0xE0,0xF3,0xF8,0xFC,0xFE,0xFF,0xF1,0xE0,0xC0,0xC0,0xC6,0xCE,0xCE,0xCF,0xE7,0xF7,0xFF,0xFF,
             -0xFF,0xFF,0xFF},
 443          {0xDF,0xCF,0xC3,0xC0,0xC0,0xC0,0xC0,0xCC,0xCF,0xCF,0xCF,0xCF,0xCF,0xC7,0xC3,0xE1,0xFC,0xFF,0xC1,0xC0,0xC0,
             -0xC0,0xE6,0xE7},
 444          {0xFF,0xFF,0xFF,0xE0,0xC0,0xC0,0xE0,0xF3,0xF9,0xFC,0xFE,0xFF,0xE7,0xC3,0xC1,0xC1,0xC0,0xC8,0xCA,0xC8,0xE8,
             -0xE8,0xFC,0xFC},
 445          {0xFF,0xFF,0xFF,0xFF,0xFF,0xFF,0xFF,0xFF,0xFF,0xFF,0xFF,0xFF,0xFF,0xFF,0xFF,0xFF,0xFF,0xFF,0xFF,0xFF,0xFF,
C51 COMPILER V9.52.0.0   MENU                                                              10/24/2020 19:28:59 PAGE 14  

             -0xFF,0xFF,0xFF},
 446          {0xFF,0xFF,0xFF,0xFF,0xFF,0xFF,0xFF,0xFF,0xFF,0xFF,0xFF,0xFF,0xFF,0xFF,0xFF,0xFF,0xFF,0xFF,0xFF,0xFF,0xFF,
             -0xFF,0xFF,0xFF},
 447          {0xFF,0xFF,0xFF,0xFF,0xFF,0xFF,0xFF,0xFF,0xFF,0xFF,0xFF,0xFF,0xFF,0xFF,0xFF,0xFF,0xFF,0xFF,0xFF,0xFF,0xFF,
             -0xFF,0xFF,0xFF},
 448          {0xFF,0xFF,0xFF,0xFF,0xFF,0xFF,0xFF,0xFF,0xFF,0xFF,0xFF,0xFF,0xFF,0xFF,0xFF,0xFF,0xFF,0xFF,0xFF,0xFF,0xFF,
             -0xFF,0xFF,0xFF},
 449          {0xFF,0xFF,0xFF,0xFF,0xFF,0xFF,0xFF,0xFF,0xFF,0xFF,0xFF,0xFF,0xFF,0xFF,0xFF,0xFF,0xFF,0xFF,0xFF,0xFF,0xFF,
             -0xFF,0xFF,0xFF},
 450          {0xFF,0xFF,0xFF,0xFF,0xFF,0xFF,0xFF,0xFF,0xFF,0xFF,0xFF,0xFF,0xFF,0xFF,0xFF,0xFF,0xFF,0xFF,0xFF,0xFF,0xFF,
             -0xFF,0xFF,0xFF},
 451          {0xFF,0xFF,0xFF,0xFF,0xFF,0xFF,0xFF,0xFF,0xFF,0xFF,0xFF,0xFF,0xFF,0xFF,0xFF,0xFF,0xFF,0xFF,0xFF,0xFF,0xFF,
             -0xFF,0xFF,0xFF},
 452          {0xFF,0xFF,0xFF,0xFF,0xFF,0xFF,0xFF,0xFF,0xFF,0xFF,0xFF,0xFF,0xFF,0xFF,0xFF,0xFF,0xFF,0xFF,0xFF,0xFF,0xFF,
             -0xFF,0xFF,0xFF},
 453          {0xFF,0xFF,0xFF,0xFF,0xFF,0xFF,0xFF,0xFF,0xFF,0xFF,0xFF,0xFF,0xFF,0xFF,0xFF,0xFF,0xFF,0xFF,0xFF,0xFF,0xFF,
             -0xFF,0xFF,0xFF},
 454          {0xFF,0xFF,0xFF,0xFF,0xFF,0xFF,0xFF,0xFF,0xFF,0xFF,0xFF,0xFF,0xFF,0xFF,0xFF,0xFF,0xFF,0xFF,0xFF,0xFF,0xFF,
             -0xFF,0xFF,0xFF},
 455          {0xFF,0xFF,0xFF,0xFF,0xFF,0xFF,0xFF,0xFF,0xFF,0xFF,0xFF,0xFF,0xFF,0xFF,0xFF,0xFF,0xFF,0xFF,0xFF,0xFF,0xFF,
             -0xFF,0xFF,0xFF},
 456          {0xFF,0xFF,0xFF,0xFF,0xFF,0xFF,0xFF,0xFF,0xFF,0xFF,0xFF,0xFF,0xFF,0xFF,0xFF,0xFF,0xFF,0xFF,0xFF,0xFF,0xFF,
             -0xFF,0xFF,0xFF},
 457          {0xFF,0xFF,0xFF,0xFF,0xFF,0xFF,0xFF,0xFF,0xFF,0xFF,0xFF,0xFF,0xFF,0xFF,0xFF,0xFF,0xFF,0xFF,0xFF,0xFF,0xFF,
             -0xFF,0xFF,0xFF},
 458          {0xFF,0xFF,0xFF,0xFF,0xFF,0xFF,0xFF,0xFF,0xFF,0xFF,0xFF,0xFF,0xFF,0xFF,0xFF,0xFF,0xFF,0xFF,0xFF,0xFF,0xFF,
             -0xFF,0xFF,0xFF},
 459          {0xFF,0xFF,0xFF,0xFF,0xFF,0xFF,0xFF,0xFF,0xFF,0xFF,0xFF,0xFF,0xFF,0xFF,0xFF,0xFF,0xFF,0xFF,0xFF,0xFF,0xFF,
             -0xFF,0xFF,0xFF},
 460          {0xFF,0xFF,0xFF,0xFF,0xFF,0xFF,0xFF,0xFF,0xFF,0xFF,0xFF,0xFF,0xFF,0xFF,0xFF,0xFF,0xFF,0xFF,0xFF,0xFF,0xFF,
             -0xFF,0xFF,0xFF},
 461          {0xFF,0xFF,0xFF,0xFF,0xFF,0xFF,0xFF,0xFF,0xFF,0xFF,0xFF,0xFF,0xFF,0xFF,0xFF,0xFF},/*"E:\Pictures\12864\序
             -列2\序列 0155.bmp",0*/
 462          },
 463          
 464          {
 465          {0xFF,0xFF,0xFF,0xFF,0xFF,0xFF,0xFF,0xFF,0xFF,0xFF,0xFF,0xFF,0xFF,0xFF,0xFF,0xFF,0xFF,0xFF,0xFF,0xFF,0xFF,
             -0xFF,0xFF,0xFF},
 466          {0xFF,0xFF,0xFF,0xFF,0xFF,0xFF,0xFF,0xFF,0xFF,0xFF,0xFF,0xFF,0xFF,0xFF,0xFF,0xFF,0xFF,0xFF,0xFF,0xFF,0xFF,
             -0xFF,0xFF,0xFF},
 467          {0xFF,0xFF,0xFF,0xFF,0xFF,0xFF,0xFF,0xFF,0xFF,0xFF,0xFF,0xFF,0xFF,0xFF,0xFF,0xFF,0xFF,0xFF,0xFF,0xFF,0xFF,
             -0xFF,0xFF,0xFF},
 468          {0xFF,0xFF,0xFF,0xFF,0xFF,0xFF,0xFF,0xFF,0xFF,0xFF,0xFF,0xFF,0xFF,0xFF,0xFF,0xFF,0xFF,0xFF,0xFF,0xFF,0xFF,
             -0xFF,0xFF,0xFF},
 469          {0xFF,0xFF,0xFF,0xFF,0xFF,0xFF,0xFF,0xFF,0xFF,0xFF,0xFF,0xFF,0xFF,0xFF,0xFF,0xFF,0xFF,0xFF,0xFF,0xFF,0xFF,
             -0xFF,0xFF,0xFF},
 470          {0xFF,0xFF,0xFF,0xFF,0xFF,0xFF,0xFF,0xFF,0xFF,0xFF,0xFF,0xFF,0xFF,0xFF,0xFF,0xFF,0xFF,0xFF,0xFF,0xFF,0xFF,
             -0xFF,0xFF,0xFF},
 471          {0xFF,0xFF,0xFF,0xFF,0xFF,0xFF,0xFF,0xFF,0xFF,0xFF,0xFF,0xFF,0xFF,0xFF,0xFF,0xFF,0xFF,0xFF,0xFF,0xFF,0xFF,
             -0xFF,0xFF,0xFF},
 472          {0xFF,0xFF,0xFF,0xFF,0xFF,0xFF,0xFF,0xFF,0xFF,0xFF,0xFF,0xFF,0xFF,0xFF,0xFF,0xFF,0xFF,0xFF,0xFF,0xFF,0xFF,
             -0xFF,0xFF,0xFF},
 473          {0xFF,0xFF,0xFF,0xFF,0xFF,0xFF,0xFF,0xFF,0xFF,0xFF,0xFF,0xFF,0xFF,0xFF,0xFF,0xFF,0xFF,0xFF,0xFF,0xFF,0xFF,
             -0xFF,0xFF,0xFF},
 474          {0xFF,0xFF,0xFF,0xFF,0xFF,0xFF,0xFF,0xFF,0xFF,0xFF,0xFF,0xFF,0xFF,0xFF,0xFF,0xFF,0xFF,0xFF,0xFF,0xFF,0xFF,
             -0xFF,0xFF,0xFF},
 475          {0xFF,0xFF,0xFF,0xFF,0xFF,0xFF,0xFF,0xFF,0xFF,0xFF,0xFF,0xFF,0xFF,0xFF,0xFF,0xFF,0xFF,0xFF,0xFF,0xFF,0xFF,
             -0xFF,0xFF,0xFF},
 476          {0xFF,0xFF,0xFF,0xFF,0x7F,0x7F,0x7F,0x7F,0x7F,0x7F,0x7F,0xFF,0xFF,0xFF,0xFF,0xFF,0xFF,0xFF,0xFF,0xFF,0xFF,
             -0xFF,0xFF,0xFF},
 477          {0xFF,0xFF,0xFF,0xFF,0xFF,0xFF,0xFF,0xFF,0xFF,0xFF,0xFF,0xFF,0xFF,0xFF,0xFF,0xFF,0xFF,0xFF,0xFF,0xFF,0xFF,
             -0xFF,0xFF,0xFF},
C51 COMPILER V9.52.0.0   MENU                                                              10/24/2020 19:28:59 PAGE 15  

 478          {0xFF,0xFF,0xFF,0xFF,0xFF,0xFF,0xFF,0xFF,0xFF,0xFF,0xFF,0xFF,0xFF,0x7F,0x7F,0x7F,0x7F,0x7F,0x7F,0x7F,0xFF,
             -0xFF,0xFF,0xFF},
 479          {0xFF,0xFF,0xFF,0xFF,0xFF,0xFF,0x7F,0x7F,0x7F,0xFF,0xFF,0xFF,0xFF,0xFF,0xFF,0xFF,0xFF,0xFF,0xFF,0xFF,0xFF,
             -0xFF,0xFF,0xFF},
 480          {0xFF,0xFF,0xFF,0xFF,0xFF,0xFF,0xFF,0xFF,0xFF,0xFF,0xFF,0xFF,0xFF,0x7F,0x7F,0x7F,0x7F,0xFF,0xFF,0xFF,0xFF,
             -0xFF,0xFF,0xFF},
 481          {0xFF,0xFF,0xFF,0xFF,0xFF,0xFF,0xFF,0xFF,0xFF,0xFF,0xFF,0x3F,0x07,0x00,0x00,0x00,0xC0,0xF8,0xFE,0xFF,0xFF,
             -0xFF,0xFF,0xFF},
 482          {0xFF,0xFF,0x3F,0x1F,0x1F,0x0F,0xCF,0xE7,0xE7,0x07,0x07,0x0F,0x0F,0x3F,0xE7,0x07,0x07,0x07,0x0F,0xFF,0xFF,
             -0xCF,0x07,0x07},
 483          {0x07,0x8F,0x7F,0x3F,0x1F,0x0F,0x4F,0x67,0x27,0x07,0x07,0x87,0xCF,0xFF,0xFF,0xFF,0xFF,0xFF,0xFF,0x7F,0x0F,
             -0x00,0x00,0x00},
 484          {0x80,0xF0,0xFE,0xFF,0xFF,0xFF,0xFF,0xFF,0xFF,0xFF,0xFF,0x2F,0x0F,0x07,0x04,0xC4,0xFC,0xEE,0x07,0x07,0x07,
             -0x0F,0x7F,0xFF},
 485          {0xEF,0x07,0x07,0x07,0x8F,0x7F,0x3F,0x1F,0x0F,0x4F,0x67,0x27,0x07,0x07,0x87,0x8F,0xFF,0xFF,0xFF,0x03,0x00,
             -0x80,0xE0,0xF0},
 486          {0xFC,0xFF,0xFF,0xFF,0xFF,0xFF,0xFF,0xFF,0xFF,0xFF,0xFF,0xFF,0xFF,0xFF,0xFF,0xFF,0xDF,0xCF,0xC1,0xC0,0xC0,
             -0xC0,0xC0,0xCF},
 487          {0xCF,0xCF,0xCF,0xCF,0xC7,0xC7,0xC3,0xF1,0xF9,0xE0,0xC0,0xC0,0xC0,0xDF,0xDF,0xCF,0xC3,0xE0,0xF0,0xF0,0xFC,
             -0xFF,0xFF,0xFE},
 488          {0xC0,0xC0,0xC0,0xE0,0xF3,0xF8,0xFC,0xFE,0xFF,0xF1,0xE0,0xC0,0xC0,0xC6,0xCE,0xCE,0xCF,0xE7,0xF7,0xFF,0xFF,
             -0xFF,0xFF,0xFF},
 489          {0xDF,0xCF,0xC3,0xC0,0xC0,0xC0,0xC0,0xCC,0xCF,0xCF,0xCF,0xCF,0xCF,0xC7,0xC3,0xE1,0xFC,0xFF,0xC1,0xC0,0xC0,
             -0xC0,0xE6,0xE7},
 490          {0xFF,0xFF,0xFF,0xE0,0xC0,0xC0,0xE0,0xF3,0xF9,0xFC,0xFE,0xFF,0xF1,0xE0,0xC0,0xC0,0xC0,0xCE,0xCE,0xCF,0xE7,
             -0xF7,0xFF,0xFF},
 491          {0xEF,0xC7,0xC3,0xC0,0xC6,0xFF,0xFF,0xFF,0xFF,0xFF,0xFF,0xFF,0xFF,0xFF,0xFF,0xFF,0xFF,0xFF,0xFF,0xFF,0xFF,
             -0xFF,0xFF,0xFF},
 492          {0xFF,0xFF,0xFF,0xFF,0xFF,0xFF,0xFF,0xFF,0xFF,0xFF,0xFF,0xFF,0xFF,0xFF,0xFF,0xFF,0xFF,0xFF,0xFF,0xFF,0xFF,
             -0xFF,0xFF,0xFF},
 493          {0xFF,0xFF,0xFF,0xFF,0xFF,0xFF,0xFF,0xFF,0xFF,0xFF,0xFF,0xFF,0xFF,0xFF,0xFF,0xFF,0xFF,0xFF,0xFF,0xFF,0xFF,
             -0xFF,0xFF,0xFF},
 494          {0xFF,0xFF,0xFF,0xFF,0xFF,0xFF,0xFF,0xFF,0xFF,0xFF,0xFF,0xFF,0xFF,0xFF,0xFF,0xFF,0xFF,0xFF,0xFF,0xFF,0xFF,
             -0xFF,0xFF,0xFF},
 495          {0xFF,0xFF,0xFF,0xFF,0xFF,0xFF,0xFF,0xFF,0xFF,0xFF,0xFF,0xFF,0xFF,0xFF,0xFF,0xFF,0xFF,0xFF,0xFF,0xFF,0xFF,
             -0xFF,0xFF,0xFF},
 496          {0xFF,0xFF,0xFF,0xFF,0xFF,0xFF,0xFF,0xFF,0xFF,0xFF,0xFF,0xFF,0xFF,0xFF,0xFF,0xFF,0xFF,0xFF,0xFF,0xFF,0xFF,
             -0xFF,0xFF,0xFF},
 497          {0xFF,0xFF,0xFF,0xFF,0xFF,0xFF,0xFF,0xFF,0xFF,0xFF,0xFF,0xFF,0xFF,0xFF,0xFF,0xFF,0xFF,0xFF,0xFF,0xFF,0xFF,
             -0xFF,0xFF,0xFF},
 498          {0xFF,0xFF,0xFF,0xFF,0xFF,0xFF,0xFF,0xFF,0xFF,0xFF,0xFF,0xFF,0xFF,0xFF,0xFF,0xFF,0xFF,0xFF,0xFF,0xFF,0xFF,
             -0xFF,0xFF,0xFF},
 499          {0xFF,0xFF,0xFF,0xFF,0xFF,0xFF,0xFF,0xFF,0xFF,0xFF,0xFF,0xFF,0xFF,0xFF,0xFF,0xFF,0xFF,0xFF,0xFF,0xFF,0xFF,
             -0xFF,0xFF,0xFF},
 500          {0xFF,0xFF,0xFF,0xFF,0xFF,0xFF,0xFF,0xFF,0xFF,0xFF,0xFF,0xFF,0xFF,0xFF,0xFF,0xFF,0xFF,0xFF,0xFF,0xFF,0xFF,
             -0xFF,0xFF,0xFF},
 501          {0xFF,0xFF,0xFF,0xFF,0xFF,0xFF,0xFF,0xFF,0xFF,0xFF,0xFF,0xFF,0xFF,0xFF,0xFF,0xFF,0xFF,0xFF,0xFF,0xFF,0xFF,
             -0xFF,0xFF,0xFF},
 502          {0xFF,0xFF,0xFF,0xFF,0xFF,0xFF,0xFF,0xFF,0xFF,0xFF,0xFF,0xFF,0xFF,0xFF,0xFF,0xFF,0xFF,0xFF,0xFF,0xFF,0xFF,
             -0xFF,0xFF,0xFF},
 503          {0xFF,0xFF,0xFF,0xFF,0xFF,0xFF,0xFF,0xFF,0xFF,0xFF,0xFF,0xFF,0xFF,0xFF,0xFF,0xFF,0xFF,0xFF,0xFF,0xFF,0xFF,
             -0xFF,0xFF,0xFF},
 504          {0xFF,0xFF,0xFF,0xFF,0xFF,0xFF,0xFF,0xFF,0xFF,0xFF,0xFF,0xFF,0xFF,0xFF,0xFF,0xFF,0xFF,0xFF,0xFF,0xFF,0xFF,
             -0xFF,0xFF,0xFF},
 505          {0xFF,0xFF,0xFF,0xFF,0xFF,0xFF,0xFF,0xFF,0xFF,0xFF,0xFF,0xFF,0xFF,0xFF,0xFF,0xFF,0xFF,0xFF,0xFF,0xFF,0xFF,
             -0xFF,0xFF,0xFF},
 506          {0xFF,0xFF,0xFF,0xFF,0xFF,0xFF,0xFF,0xFF,0xFF,0xFF,0xFF,0xFF,0xFF,0xFF,0xFF,0xFF,0xFF,0xFF,0xFF,0xFF,0xFF,
             -0xFF,0xFF,0xFF},
 507          {0xFF,0xFF,0xFF,0xFF,0xFF,0xFF,0xFF,0xFF,0xFF,0xFF,0xFF,0xFF,0xFF,0xFF,0xFF,0xFF},/*"E:\Pictures\12864\序
             -列2\序列 0163.bmp",0*/
 508          }
 509          };
C51 COMPILER V9.52.0.0   MENU                                                              10/24/2020 19:28:59 PAGE 16  

 510          
 511          /**
 512           * @description: 精准延时
 513           * 
 514           * @param: n 
 515           */
 516          void delay_ms(u16 n)
 517          {
 518   1      u16 i,j;
 519   1      for(i=n;i>0;i--)
 520   1      for(j=114;j>0;j--);
 521   1      }
 522          
 523          void menu0()
 524          {
 525   1      
 526   1          show_screen(str_picture[0],1);
 527   1          // show_sentence(1,str_menu[0],4,0);
 528   1          // show_sentence(2,str_menu[4],4,0);
 529   1          // show_sentence(3,str_menu[8],4,0);
 530   1          // show_sentence(4,str_menu[12],6,0);
 531   1      }
 532          
 533          void menu1()
 534          {
 535   1          clear(0);
 536   1          show_sentence(1,str_menu[12],5,1);
 537   1          show_sentence(2,str_menu[17],3,0);
 538   1          show_sentence(3,str_menu[20],2,0);
 539   1          show_sentence(4,str_menu[22],5,0);
 540   1      }
 541          
 542          void menu2()
 543          {
 544   1          clear(0);
 545   1          show_sentence(1,str_menu[12],5,0);
 546   1          show_sentence(2,str_menu[17],3,1);
 547   1          show_sentence(3,str_menu[20],2,0);
 548   1          show_sentence(4,str_menu[22],5,0);
 549   1      }
 550          
 551          void menu3()
 552          {
 553   1          clear(0);
 554   1          show_sentence(1,str_menu[12],5,0);
 555   1          show_sentence(2,str_menu[17],3,0);
 556   1          show_sentence(3,str_menu[20],2,1);
 557   1          show_sentence(4,str_menu[22],5,0);
 558   1      }
 559          
 560          void menu4()
 561          {
 562   1          clear(0);
 563   1          show_sentence(1,str_menu[12],5,0);
 564   1          show_sentence(2,str_menu[17],3,0);
 565   1          show_sentence(3,str_menu[20],2,0);
 566   1          show_sentence(4,str_menu[22],5,1);
 567   1      }
 568          
 569          void menu5()
 570          {
 571   1          clear(0);
C51 COMPILER V9.52.0.0   MENU                                                              10/24/2020 19:28:59 PAGE 17  

 572   1          show_sentence(1,str_menu[0],4,1);
 573   1          show_sentence(2,str_menu[4],4,0);
 574   1          show_sentence(3,str_menu[8],4,0);   
 575   1      }
 576          
 577          void menu6()
 578          {
 579   1          clear(0);
 580   1          show_sentence(1,str_menu[0],4,0);
 581   1          show_sentence(2,str_menu[4],4,1);
 582   1          show_sentence(3,str_menu[8],4,0); 
 583   1      }
 584          
 585          void menu7()
 586          {
 587   1          clear(0);
 588   1          show_sentence(1,str_menu[0],4,0);
 589   1          show_sentence(2,str_menu[4],4,0);
 590   1          show_sentence(3,str_menu[8],4,1); 
 591   1      }
 592          
 593          void show_sin()//实时渲染波形-正弦
 594          {
 595   1          u8 x,y;
 596   1          clear(0);
 597   1          for(x=0;x<128;x++)
 598   1          {
 599   2              y=127-sin_dot[x];
 600   2              draw_dot(x,y);
 601   2          }
 602   1      }
 603          
 604          void show_triangle()//实时渲染波形-三角
 605          {
 606   1          u8 x,y;
 607   1          clear(0);
 608   1          for(x=0;x<32;x++)
 609   1          {
 610   2              y=32-x;
 611   2              draw_dot(x,y);
 612   2          }
 613   1          for(x=32;x<64;x++)
 614   1          {
 615   2              y=x-32;
 616   2              draw_dot(x,y);
 617   2          }
 618   1          for(x=64;x<96;x++)
 619   1          {
 620   2              y=x-32;
 621   2              draw_dot(x,y);
 622   2          }
 623   1          for(x=96;x<128;x++)
 624   1          {
 625   2              y=159-x;
 626   2              draw_dot(x,y);
 627   2          }
 628   1      }
 629          
 630          void show_rectangle()//实时渲染波形-方波
 631          {
 632   1          u8 x;
 633   1          clear(0);
C51 COMPILER V9.52.0.0   MENU                                                              10/24/2020 19:28:59 PAGE 18  

 634   1          for(x=0;x<32;x++)
 635   1          {
 636   2              draw_dot(x,32);
 637   2          }
 638   1          for(x=32;x<64;x++)
 639   1          {
 640   2              draw_dot(x,8);
 641   2          }
 642   1          for(x=64;x<96;x++)
 643   1          {
 644   2              draw_dot(x,32);
 645   2          }
 646   1          for(x=96;x<128;x++)
 647   1          {
 648   2              draw_dot(x,8);
 649   2          }
 650   1      }
 651          
 652          
 653          void menu8()
 654          {
 655   1          show_sin();
 656   1      }
 657          
 658          void menu9()
 659          {
 660   1          show_triangle();
 661   1      }
 662          
 663          void menu10()
 664          {
 665   1          show_rectangle();
 666   1      }
 667          
 668          //手动构建菜单
 669          // u8 index;
 670          // u8 move_up;
 671          // u8 move_down;
 672          // u8 move_enter;
 673          // u8 move_esc;
 674          //记得更改菜单项总数 此处和main处
 675          MenuIndex idata menu_gather[11]=
 676          {
 677              {0,0,0,1,0,(*menu0)},
 678          
 679              {1,4,2,5,0,(*menu1)},
 680              {2,1,3,2,0,(*menu2)},
 681              {3,2,4,3,0,(*menu3)}, 
 682              {4,3,1,4,0,(*menu4)},
 683          
 684              {5,7,6,8,1,(*menu5)},
 685              {6,5,7,9,1,(*menu6)},
 686              {7,6,5,10,1,(*menu7)},
 687          
 688              {8,8,8,8,5,(*menu8)},
 689              {9,9,9,9,6,(*menu9)},
 690              {10,10,10,10,7,(*menu10)}
 691          };
 692          
 693          void menu_egg()
 694          {
 695   1          int i;
C51 COMPILER V9.52.0.0   MENU                                                              10/24/2020 19:28:59 PAGE 19  

 696   1          ET0=0;//关闭中断
 697   1          for(i=0;i<8;i++)
 698   1          {
 699   2              show_screen(str_video[i][0],0);
 700   2              delay_ms(300);
 701   2          }
 702   1          delay_ms(1000);
 703   1          ET0=1;
 704   1      }
 705          
 706          //注释部分为待拓展结构，慎删除
 707          //C51构建树形结构不好处理内存分配问题
 708          // /**
 709          //  * @description: 创建新的同级下一节点
 710          //  * 
 711          //  * @param: head 此级菜单的头节点
 712          //  * @param: function 新节点功能
 713          //  * @param: name 新节点名称
 714          //  * @return: menu_t* 返回创建的节点
 715          //  */
 716          // menu_t *add_same_node(menu_t *head ,void *function,u8 function_id , u8 *name )
 717          // {
 718          //     menu_t *p=NULL,*pr=head;
 719          //     p=(menu_t *)malloc(sizeof(menu_t));//创建空节点
 720          
 721          //     if(head==NULL)  //头节点为空，则创建头节点
 722          //     {
 723          //         head=p;
 724          //         p->id=0;         
 725          //     }
 726          //     else    //头节点不为空
 727          //     {
 728          //         u8 i=0;
 729          //         while (pr->same_down!=NULL) //寻找并转到同级菜单的最后节点
 730          //         {
 731          //             i++;
 732          //             pr=pr->same_down;
 733          //         }
 734          //         pr->same_down=p;//创建同级节点
 735          //         p->same_up=pr;
 736          //         p->father=head->father;//和头节点拥有同样的父节点
 737          //         p->id=i;
 738          //     }
 739          //     p->function=function;//补充新节点的信息
 740          //     p->function_id=function_id;
 741          //     p->menu_name=name;
 742          //     p->son=NULL;
 743          //     p->same_down=NULL;
 744          //     return p;//返回新建的节点
 745          // }
 746          
 747          // /**
 748          //  * @description: 创建子节点
 749          //  * 
 750          //  * @param: head 当前列表头节点
 751          //  * @param: num 列表要创建子节点的节点编号
 752          //  * @param: function 节点函数功能
 753          //  * @param: name 节点名称
 754          //  * @return: menu_t* 返回该位置的子节点或者新节点
 755          //  */
 756          // menu_t *add_son_node(menu_t *head, u8 num, void *function,u8 function_id ,u8 *name )
 757          // {
C51 COMPILER V9.52.0.0   MENU                                                              10/24/2020 19:28:59 PAGE 20  

 758          //     u8 i;
 759          //     menu_t *pr=head;
 760              
 761          //     for(i=0;i<num;i++)//遍历寻址
 762          //     {
 763          //         if(pr->same_down!=NULL)
 764          //         {
 765          //             pr=pr->same_down;
 766          //         }
 767          //     }
 768          
 769          //     if(pr->son!=NULL)//是否存在子节点
 770          //     {
 771          //         pr=pr->son;
 772          //     }
 773          //     else
 774          //     {
 775          //         menu_t *p=NULL;
 776          //         p=(menu_t *)malloc(sizeof(menu_t)); //创建空节点
 777          
 778          //         pr->son=p;
 779          //         p->father=pr;
 780          //         p->id=0;
 781          //         p->same_up=NULL;
 782          //         p->same_down=NULL;
 783          //         p->son=NULL;
 784          //         p->function=function;
 785          //         p->function_id=function_id;
 786          //         p->menu_name=name;
 787          //         return p;//返回新创建的子节点
 788          //     }
 789          //     return pr;//返回已存在的子节点
 790          // }
 791          
 792          // /**
 793          //  * @description: 菜单结构建立
 794          //  * 
 795          //  * @param: head 头节点 往下创建选项
 796          //  */
 797          // void menu_make(menu_t *head)
 798          // {
 799          //     menu_t *first_page=NULL;
 800          //     init_mempool(first_page,5*sizeof(menu_t));
 801          //     first_page=(menu_t *)malloc(sizeof(menu_t));
 802          
 803          //     head=add_same_node(head,menu0,0,"页0");
 804          //     add_son_node(head,0,menu1,1,"页1选项1");
 805          //     add_same_node(first_page,menu2,2,"页1选项2");
 806          //     add_same_node(first_page,menu3,3,"页1选项3");
 807          //     add_same_node(first_page,menu4,4,"页1选项4");
 808          // }


MODULE INFORMATION:   STATIC OVERLAYABLE
   CODE SIZE        =    802    ----
   CONSTANT SIZE    =  10280    ----
   XDATA SIZE       =   ----    ----
   PDATA SIZE       =   ----    ----
   DATA SIZE        =   ----       7
   IDATA SIZE       =     88    ----
   BIT SIZE         =   ----    ----
END OF MODULE INFORMATION.

C51 COMPILER V9.52.0.0   MENU                                                              10/24/2020 19:28:59 PAGE 21  


C51 COMPILATION COMPLETE.  0 WARNING(S),  0 ERROR(S)
